Archive member included to satisfy reference by file (symbol)

/Applications/ARM/bin/../lib/gcc/arm-none-eabi/10.3.1/thumb/v7e-m/nofp/libgcc.a(_aeabi_uldivmod.o)
                              CMakeFiles/RM_Board_A.elf.dir/Drivers/STM32F4xx_HAL_Driver/Src/stm32f4xx_hal_rcc.c.obj (__aeabi_uldivmod)
/Applications/ARM/bin/../lib/gcc/arm-none-eabi/10.3.1/thumb/v7e-m/nofp/libgcc.a(_udivmoddi4.o)
                              /Applications/ARM/bin/../lib/gcc/arm-none-eabi/10.3.1/thumb/v7e-m/nofp/libgcc.a(_aeabi_uldivmod.o) (__udivmoddi4)
/Applications/ARM/bin/../lib/gcc/arm-none-eabi/10.3.1/thumb/v7e-m/nofp/libgcc.a(_dvmd_tls.o)
                              /Applications/ARM/bin/../lib/gcc/arm-none-eabi/10.3.1/thumb/v7e-m/nofp/libgcc.a(_aeabi_uldivmod.o) (__aeabi_ldiv0)
/Applications/ARM/bin/../lib/gcc/arm-none-eabi/10.3.1/../../../../arm-none-eabi/lib/thumb/v7e-m/nofp/libg.a(lib_a-errno.o)
                              CMakeFiles/RM_Board_A.elf.dir/Core/Src/syscalls.c.obj (__errno)
/Applications/ARM/bin/../lib/gcc/arm-none-eabi/10.3.1/../../../../arm-none-eabi/lib/thumb/v7e-m/nofp/libg.a(lib_a-exit.o)
                              /Applications/ARM/bin/../lib/gcc/arm-none-eabi/10.3.1/../../../../arm-none-eabi/lib/thumb/v7e-m/nofp/crt0.o (exit)
/Applications/ARM/bin/../lib/gcc/arm-none-eabi/10.3.1/../../../../arm-none-eabi/lib/thumb/v7e-m/nofp/libg.a(lib_a-impure.o)
                              /Applications/ARM/bin/../lib/gcc/arm-none-eabi/10.3.1/../../../../arm-none-eabi/lib/thumb/v7e-m/nofp/libg.a(lib_a-exit.o) (_global_impure_ptr)
/Applications/ARM/bin/../lib/gcc/arm-none-eabi/10.3.1/../../../../arm-none-eabi/lib/thumb/v7e-m/nofp/libg.a(lib_a-init.o)
                              /Applications/ARM/bin/../lib/gcc/arm-none-eabi/10.3.1/../../../../arm-none-eabi/lib/thumb/v7e-m/nofp/crt0.o (__libc_init_array)
/Applications/ARM/bin/../lib/gcc/arm-none-eabi/10.3.1/../../../../arm-none-eabi/lib/thumb/v7e-m/nofp/libg.a(lib_a-memset.o)
                              /Applications/ARM/bin/../lib/gcc/arm-none-eabi/10.3.1/../../../../arm-none-eabi/lib/thumb/v7e-m/nofp/crt0.o (memset)
/Applications/ARM/bin/../lib/gcc/arm-none-eabi/10.3.1/../../../../arm-none-eabi/lib/thumb/v7e-m/nofp/libg.a(lib_a-__call_atexit.o)
                              /Applications/ARM/bin/../lib/gcc/arm-none-eabi/10.3.1/../../../../arm-none-eabi/lib/thumb/v7e-m/nofp/libg.a(lib_a-exit.o) (__call_exitprocs)
/Applications/ARM/bin/../lib/gcc/arm-none-eabi/10.3.1/../../../../arm-none-eabi/lib/thumb/v7e-m/nofp/libg.a(lib_a-atexit.o)
                              /Applications/ARM/bin/../lib/gcc/arm-none-eabi/10.3.1/../../../../arm-none-eabi/lib/thumb/v7e-m/nofp/libg.a(lib_a-__call_atexit.o) (atexit)
/Applications/ARM/bin/../lib/gcc/arm-none-eabi/10.3.1/../../../../arm-none-eabi/lib/thumb/v7e-m/nofp/libg.a(lib_a-fini.o)
                              /Applications/ARM/bin/../lib/gcc/arm-none-eabi/10.3.1/../../../../arm-none-eabi/lib/thumb/v7e-m/nofp/libg.a(lib_a-__call_atexit.o) (__libc_fini_array)
/Applications/ARM/bin/../lib/gcc/arm-none-eabi/10.3.1/../../../../arm-none-eabi/lib/thumb/v7e-m/nofp/libg.a(lib_a-lock.o)
                              /Applications/ARM/bin/../lib/gcc/arm-none-eabi/10.3.1/../../../../arm-none-eabi/lib/thumb/v7e-m/nofp/libg.a(lib_a-__call_atexit.o) (__retarget_lock_acquire_recursive)
/Applications/ARM/bin/../lib/gcc/arm-none-eabi/10.3.1/../../../../arm-none-eabi/lib/thumb/v7e-m/nofp/libg.a(lib_a-__atexit.o)
                              /Applications/ARM/bin/../lib/gcc/arm-none-eabi/10.3.1/../../../../arm-none-eabi/lib/thumb/v7e-m/nofp/libg.a(lib_a-atexit.o) (__register_exitproc)

Discarded input sections

 .text          0x0000000000000000        0x0 /Applications/ARM/bin/../lib/gcc/arm-none-eabi/10.3.1/thumb/v7e-m/nofp/crti.o
 .data          0x0000000000000000        0x0 /Applications/ARM/bin/../lib/gcc/arm-none-eabi/10.3.1/thumb/v7e-m/nofp/crti.o
 .bss           0x0000000000000000        0x0 /Applications/ARM/bin/../lib/gcc/arm-none-eabi/10.3.1/thumb/v7e-m/nofp/crti.o
 .data          0x0000000000000000        0x4 /Applications/ARM/bin/../lib/gcc/arm-none-eabi/10.3.1/thumb/v7e-m/nofp/crtbegin.o
 .rodata        0x0000000000000000       0x24 /Applications/ARM/bin/../lib/gcc/arm-none-eabi/10.3.1/thumb/v7e-m/nofp/crtbegin.o
 .text          0x0000000000000000       0x7c /Applications/ARM/bin/../lib/gcc/arm-none-eabi/10.3.1/../../../../arm-none-eabi/lib/thumb/v7e-m/nofp/crt0.o
 .data          0x0000000000000000        0x0 /Applications/ARM/bin/../lib/gcc/arm-none-eabi/10.3.1/../../../../arm-none-eabi/lib/thumb/v7e-m/nofp/crt0.o
 .bss           0x0000000000000000        0x0 /Applications/ARM/bin/../lib/gcc/arm-none-eabi/10.3.1/../../../../arm-none-eabi/lib/thumb/v7e-m/nofp/crt0.o
 .ARM.extab     0x0000000000000000        0x0 /Applications/ARM/bin/../lib/gcc/arm-none-eabi/10.3.1/../../../../arm-none-eabi/lib/thumb/v7e-m/nofp/crt0.o
[...]
Memory Configuration

Name             Origin             Length             Attributes
CCMRAM           0x0000000010000000 0x0000000000010000 xrw
RAM              0x0000000020000000 0x0000000000030000 xrw
FLASH            0x0000000008000000 0x0000000000200000 xr
*default*        0x0000000000000000 0xffffffffffffffff

Linker script and memory map

LOAD /Applications/ARM/bin/../lib/gcc/arm-none-eabi/10.3.1/thumb/v7e-m/nofp/crti.o
LOAD /Applications/ARM/bin/../lib/gcc/arm-none-eabi/10.3.1/thumb/v7e-m/nofp/crtbegin.o
LOAD /Applications/ARM/bin/../lib/gcc/arm-none-eabi/10.3.1/../../../../arm-none-eabi/lib/thumb/v7e-m/nofp/crt0.o
LOAD CMakeFiles/RM_Board_A.elf.dir/Application/Src/LEDs_onboard.c.obj
LOAD CMakeFiles/RM_Board_A.elf.dir/Core/Src/main.c.obj
LOAD CMakeFiles/RM_Board_A.elf.dir/Core/Src/stm32f4xx_hal_msp.c.obj
LOAD CMakeFiles/RM_Board_A.elf.dir/Core/Src/stm32f4xx_it.c.obj
LOAD CMakeFiles/RM_Board_A.elf.dir/Core/Src/syscalls.c.obj
LOAD CMakeFiles/RM_Board_A.elf.dir/Core/Src/sysmem.c.obj
LOAD CMakeFiles/RM_Board_A.elf.dir/Core/Src/system_stm32f4xx.c.obj
LOAD CMakeFiles/RM_Board_A.elf.dir/Core/Startup/startup_stm32f427iihx.s.obj
LOAD CMakeFiles/RM_Board_A.elf.dir/Drivers/STM32F4xx_HAL_Driver/Src/stm32f4xx_hal.c.obj
LOAD CMakeFiles/RM_Board_A.elf.dir/Drivers/STM32F4xx_HAL_Driver/Src/stm32f4xx_hal_cortex.c.obj
LOAD CMakeFiles/RM_Board_A.elf.dir/Drivers/STM32F4xx_HAL_Driver/Src/stm32f4xx_hal_dma.c.obj
LOAD CMakeFiles/RM_Board_A.elf.dir/Drivers/STM32F4xx_HAL_Driver/Src/stm32f4xx_hal_dma_ex.c.obj
LOAD CMakeFiles/RM_Board_A.elf.dir/Drivers/STM32F4xx_HAL_Driver/Src/stm32f4xx_hal_exti.c.obj
LOAD CMakeFiles/RM_Board_A.elf.dir/Drivers/STM32F4xx_HAL_Driver/Src/stm32f4xx_hal_flash.c.obj
LOAD CMakeFiles/RM_Board_A.elf.dir/Drivers/STM32F4xx_HAL_Driver/Src/stm32f4xx_hal_flash_ex.c.obj
LOAD CMakeFiles/RM_Board_A.elf.dir/Drivers/STM32F4xx_HAL_Driver/Src/stm32f4xx_hal_flash_ramfunc.c.obj
LOAD CMakeFiles/RM_Board_A.elf.dir/Drivers/STM32F4xx_HAL_Driver/Src/stm32f4xx_hal_gpio.c.obj
LOAD CMakeFiles/RM_Board_A.elf.dir/Drivers/STM32F4xx_HAL_Driver/Src/stm32f4xx_hal_pwr.c.obj
LOAD CMakeFiles/RM_Board_A.elf.dir/Drivers/STM32F4xx_HAL_Driver/Src/stm32f4xx_hal_pwr_ex.c.obj
LOAD CMakeFiles/RM_Board_A.elf.dir/Drivers/STM32F4xx_HAL_Driver/Src/stm32f4xx_hal_rcc.c.obj
LOAD CMakeFiles/RM_Board_A.elf.dir/Drivers/STM32F4xx_HAL_Driver/Src/stm32f4xx_hal_rcc_ex.c.obj
LOAD CMakeFiles/RM_Board_A.elf.dir/Drivers/STM32F4xx_HAL_Driver/Src/stm32f4xx_hal_tim.c.obj
LOAD CMakeFiles/RM_Board_A.elf.dir/Drivers/STM32F4xx_HAL_Driver/Src/stm32f4xx_hal_tim_ex.c.obj
START GROUP
LOAD /Applications/ARM/bin/../lib/gcc/arm-none-eabi/10.3.1/thumb/v7e-m/nofp/libgcc.a
LOAD /Applications/ARM/bin/../lib/gcc/arm-none-eabi/10.3.1/../../../../arm-none-eabi/lib/thumb/v7e-m/nofp/libg.a
LOAD /Applications/ARM/bin/../lib/gcc/arm-none-eabi/10.3.1/../../../../arm-none-eabi/lib/thumb/v7e-m/nofp/libc.a
END GROUP
LOAD /Applications/ARM/bin/../lib/gcc/arm-none-eabi/10.3.1/thumb/v7e-m/nofp/crtend.o
LOAD /Applications/ARM/bin/../lib/gcc/arm-none-eabi/10.3.1/thumb/v7e-m/nofp/crtn.o
                0x0000000020030000                _estack = (ORIGIN (RAM) + LENGTH (RAM))
                0x0000000000000200                _Min_Heap_Size = 0x200
                0x0000000000000400                _Min_Stack_Size = 0x400

.isr_vector     0x0000000008000000      0x1ac
                0x0000000008000000                . = ALIGN (0x4)
 *(.isr_vector)
 .isr_vector    0x0000000008000000      0x1ac CMakeFiles/RM_Board_A.elf.dir/Core/Startup/startup_stm32f427iihx.s.obj
                0x0000000008000000                g_pfnVectors
                0x00000000080001ac                . = ALIGN (0x4)

.text           0x00000000080001ac     0x10bc
                0x00000000080001ac                . = ALIGN (0x4)
 *(.text)
 .text          0x00000000080001ac       0x40 /Applications/ARM/bin/../lib/gcc/arm-none-eabi/10.3.1/thumb/v7e-m/nofp/crtbegin.o
 .text          0x00000000080001ec       0x30 /Applications/ARM/bin/../lib/gcc/arm-none-eabi/10.3.1/thumb/v7e-m/nofp/libgcc.a(_aeabi_uldivmod.o)
                0x00000000080001ec                __aeabi_uldivmod
 .text          0x000000000800021c      0x2d0 /Applications/ARM/bin/../lib/gcc/arm-none-eabi/10.3.1/thumb/v7e-m/nofp/libgcc.a(_udivmoddi4.o)
                0x000000000800021c                __udivmoddi4
 .text          0x00000000080004ec        0x4 /Applications/ARM/bin/../lib/gcc/arm-none-eabi/10.3.1/thumb/v7e-m/nofp/libgcc.a(_dvmd_tls.o)
                0x00000000080004ec                __aeabi_ldiv0
                0x00000000080004ec                __aeabi_idiv0
 *(.text*)
 .text.SwitchOffAllLights
                0x00000000080004f0       0x24 CMakeFiles/RM_Board_A.elf.dir/Application/Src/LEDs_onboard.c.obj
                0x00000000080004f0                SwitchOffAllLights
 .text.ShowWaterful
                0x0000000008000514       0x2c CMakeFiles/RM_Board_A.elf.dir/Application/Src/LEDs_onboard.c.obj
                0x0000000008000514                ShowWaterful
 .text.MX_GPIO_Init
                0x0000000008000540       0x58 CMakeFiles/RM_Board_A.elf.dir/Core/Src/main.c.obj
 .text.Error_Handler
                0x0000000008000598        0x4 CMakeFiles/RM_Board_A.elf.dir/Core/Src/main.c.obj
                0x0000000008000598                Error_Handler
 .text.SystemClock_Config
                0x000000000800059c       0x8c CMakeFiles/RM_Board_A.elf.dir/Core/Src/main.c.obj
                0x000000000800059c                SystemClock_Config
 .text.main     0x0000000008000628       0x14 CMakeFiles/RM_Board_A.elf.dir/Core/Src/main.c.obj
                0x0000000008000628                main
 .text.HAL_MspInit
                0x000000000800063c       0x38 CMakeFiles/RM_Board_A.elf.dir/Core/Src/stm32f4xx_hal_msp.c.obj
                0x000000000800063c                HAL_MspInit
 .text.NMI_Handler
                0x0000000008000674        0x2 CMakeFiles/RM_Board_A.elf.dir/Core/Src/stm32f4xx_it.c.obj
                0x0000000008000674                NMI_Handler
 .text.HardFault_Handler
                0x0000000008000676        0x2 CMakeFiles/RM_Board_A.elf.dir/Core/Src/stm32f4xx_it.c.obj
                0x0000000008000676                HardFault_Handler
 .text.MemManage_Handler
                0x0000000008000678        0x2 CMakeFiles/RM_Board_A.elf.dir/Core/Src/stm32f4xx_it.c.obj
                0x0000000008000678                MemManage_Handler
 .text.BusFault_Handler
                0x000000000800067a        0x2 CMakeFiles/RM_Board_A.elf.dir/Core/Src/stm32f4xx_it.c.obj
                0x000000000800067a                BusFault_Handler
 .text.UsageFault_Handler
                0x000000000800067c        0x2 CMakeFiles/RM_Board_A.elf.dir/Core/Src/stm32f4xx_it.c.obj
                0x000000000800067c                UsageFault_Handler
 .text.SVC_Handler
                0x000000000800067e        0x2 CMakeFiles/RM_Board_A.elf.dir/Core/Src/stm32f4xx_it.c.obj
                0x000000000800067e                SVC_Handler
 .text.DebugMon_Handler
                0x0000000008000680        0x2 CMakeFiles/RM_Board_A.elf.dir/Core/Src/stm32f4xx_it.c.obj
                0x0000000008000680                DebugMon_Handler
 .text.PendSV_Handler
                0x0000000008000682        0x2 CMakeFiles/RM_Board_A.elf.dir/Core/Src/stm32f4xx_it.c.obj
                0x0000000008000682                PendSV_Handler
 .text.SysTick_Handler
                0x0000000008000684        0x8 CMakeFiles/RM_Board_A.elf.dir/Core/Src/stm32f4xx_it.c.obj
                0x0000000008000684                SysTick_Handler
 .text.SystemInit
                0x000000000800068c        0x2 CMakeFiles/RM_Board_A.elf.dir/Core/Src/system_stm32f4xx.c.obj
                0x000000000800068c                SystemInit
 *fill*         0x000000000800068e        0x2 
 .text.Reset_Handler
                0x0000000008000690       0x50 CMakeFiles/RM_Board_A.elf.dir/Core/Startup/startup_stm32f427iihx.s.obj
                0x0000000008000690                Reset_Handler
 .text.Default_Handler
                0x00000000080006e0        0x2 CMakeFiles/RM_Board_A.elf.dir/Core/Startup/startup_stm32f427iihx.s.obj
                0x00000000080006e0                DMA1_Stream3_IRQHandler
                0x00000000080006e0                HASH_RNG_IRQHandler
                0x00000000080006e0                EXTI2_IRQHandler
                0x00000000080006e0                TIM8_CC_IRQHandler
                0x00000000080006e0                UART8_IRQHandler
                0x00000000080006e0                SPI4_IRQHandler
                0x00000000080006e0                TIM1_CC_IRQHandler
                0x00000000080006e0                DMA2_Stream5_IRQHandler
                0x00000000080006e0                DMA1_Stream5_IRQHandler
                0x00000000080006e0                PVD_IRQHandler
                0x00000000080006e0                SDIO_IRQHandler
                0x00000000080006e0                TAMP_STAMP_IRQHandler
                0x00000000080006e0                CAN2_RX1_IRQHandler
                0x00000000080006e0                EXTI3_IRQHandler
                0x00000000080006e0                TIM8_TRG_COM_TIM14_IRQHandler
                0x00000000080006e0                TIM1_UP_TIM10_IRQHandler
                0x00000000080006e0                TIM8_UP_TIM13_IRQHandler
                0x00000000080006e0                I2C3_ER_IRQHandler
                0x00000000080006e0                EXTI0_IRQHandler
                0x00000000080006e0                I2C2_EV_IRQHandler
                0x00000000080006e0                DMA1_Stream2_IRQHandler
                0x00000000080006e0                CAN1_RX0_IRQHandler
                0x00000000080006e0                FPU_IRQHandler
                0x00000000080006e0                OTG_HS_WKUP_IRQHandler
                0x00000000080006e0                CAN2_SCE_IRQHandler
                0x00000000080006e0                DMA2_Stream2_IRQHandler
                0x00000000080006e0                SPI1_IRQHandler
                0x00000000080006e0                TIM6_DAC_IRQHandler
                0x00000000080006e0                TIM1_BRK_TIM9_IRQHandler
                0x00000000080006e0                DCMI_IRQHandler
                0x00000000080006e0                CAN2_RX0_IRQHandler
                0x00000000080006e0                DMA2_Stream3_IRQHandler
                0x00000000080006e0                USART6_IRQHandler
                0x00000000080006e0                USART3_IRQHandler
                0x00000000080006e0                CAN1_RX1_IRQHandler
                0x00000000080006e0                UART5_IRQHandler
                0x00000000080006e0                DMA2_Stream0_IRQHandler
                0x00000000080006e0                TIM4_IRQHandler
                0x00000000080006e0                I2C1_EV_IRQHandler
                0x00000000080006e0                DMA1_Stream6_IRQHandler
                0x00000000080006e0                DMA1_Stream1_IRQHandler
                0x00000000080006e0                UART4_IRQHandler
                0x00000000080006e0                TIM3_IRQHandler
                0x00000000080006e0                RCC_IRQHandler
                0x00000000080006e0                TIM8_BRK_TIM12_IRQHandler
                0x00000000080006e0                Default_Handler
                0x00000000080006e0                EXTI15_10_IRQHandler
                0x00000000080006e0                ADC_IRQHandler
                0x00000000080006e0                DMA1_Stream7_IRQHandler
                0x00000000080006e0                SPI5_IRQHandler
                0x00000000080006e0                TIM7_IRQHandler
                0x00000000080006e0                CAN2_TX_IRQHandler
                0x00000000080006e0                TIM5_IRQHandler
                0x00000000080006e0                DMA2_Stream7_IRQHandler
                0x00000000080006e0                I2C3_EV_IRQHandler
                0x00000000080006e0                EXTI9_5_IRQHandler
                0x00000000080006e0                RTC_WKUP_IRQHandler
                0x00000000080006e0                ETH_WKUP_IRQHandler
                0x00000000080006e0                SPI2_IRQHandler
                0x00000000080006e0                OTG_HS_EP1_IN_IRQHandler
                0x00000000080006e0                DMA1_Stream0_IRQHandler
                0x00000000080006e0                CAN1_TX_IRQHandler
                0x00000000080006e0                EXTI4_IRQHandler
                0x00000000080006e0                ETH_IRQHandler
                0x00000000080006e0                OTG_HS_EP1_OUT_IRQHandler
                0x00000000080006e0                WWDG_IRQHandler
                0x00000000080006e0                SPI6_IRQHandler
                0x00000000080006e0                TIM2_IRQHandler
                0x00000000080006e0                OTG_FS_WKUP_IRQHandler
                0x00000000080006e0                TIM1_TRG_COM_TIM11_IRQHandler
                0x00000000080006e0                OTG_HS_IRQHandler
                0x00000000080006e0                DMA2D_IRQHandler
                0x00000000080006e0                EXTI1_IRQHandler
                0x00000000080006e0                UART7_IRQHandler
                0x00000000080006e0                USART2_IRQHandler
                0x00000000080006e0                I2C2_ER_IRQHandler
                0x00000000080006e0                DMA2_Stream1_IRQHandler
                0x00000000080006e0                CAN1_SCE_IRQHandler
                0x00000000080006e0                FLASH_IRQHandler
                0x00000000080006e0                DMA2_Stream4_IRQHandler
                0x00000000080006e0                USART1_IRQHandler
                0x00000000080006e0                OTG_FS_IRQHandler
                0x00000000080006e0                SPI3_IRQHandler
                0x00000000080006e0                DMA1_Stream4_IRQHandler
                0x00000000080006e0                I2C1_ER_IRQHandler
                0x00000000080006e0                FMC_IRQHandler
                0x00000000080006e0                DMA2_Stream6_IRQHandler
                0x00000000080006e0                SAI1_IRQHandler
                0x00000000080006e0                RTC_Alarm_IRQHandler
 *fill*         0x00000000080006e2        0x2 
 .text.HAL_InitTick
                0x00000000080006e4       0x4c CMakeFiles/RM_Board_A.elf.dir/Drivers/STM32F4xx_HAL_Driver/Src/stm32f4xx_hal.c.obj
                0x00000000080006e4                HAL_InitTick
 .text.HAL_Init
                0x0000000008000730       0x34 CMakeFiles/RM_Board_A.elf.dir/Drivers/STM32F4xx_HAL_Driver/Src/stm32f4xx_hal.c.obj
                0x0000000008000730                HAL_Init
 .text.HAL_IncTick
                0x0000000008000764       0x18 CMakeFiles/RM_Board_A.elf.dir/Drivers/STM32F4xx_HAL_Driver/Src/stm32f4xx_hal.c.obj
                0x0000000008000764                HAL_IncTick
 .text.HAL_GetTick
                0x000000000800077c        0xc CMakeFiles/RM_Board_A.elf.dir/Drivers/STM32F4xx_HAL_Driver/Src/stm32f4xx_hal.c.obj
                0x000000000800077c                HAL_GetTick
 .text.HAL_Delay
                0x0000000008000788       0x28 CMakeFiles/RM_Board_A.elf.dir/Drivers/STM32F4xx_HAL_Driver/Src/stm32f4xx_hal.c.obj
                0x0000000008000788                HAL_Delay
 .text.HAL_NVIC_SetPriorityGrouping
                0x00000000080007b0       0x24 CMakeFiles/RM_Board_A.elf.dir/Drivers/STM32F4xx_HAL_Driver/Src/stm32f4xx_hal_cortex.c.obj
                0x00000000080007b0                HAL_NVIC_SetPriorityGrouping
 .text.HAL_NVIC_SetPriority
                0x00000000080007d4       0x70 CMakeFiles/RM_Board_A.elf.dir/Drivers/STM32F4xx_HAL_Driver/Src/stm32f4xx_hal_cortex.c.obj
                0x00000000080007d4                HAL_NVIC_SetPriority
 .text.HAL_SYSTICK_Config
                0x0000000008000844       0x28 CMakeFiles/RM_Board_A.elf.dir/Drivers/STM32F4xx_HAL_Driver/Src/stm32f4xx_hal_cortex.c.obj
                0x0000000008000844                HAL_SYSTICK_Config
 .text.HAL_GPIO_Init
                0x000000000800086c      0x1fc CMakeFiles/RM_Board_A.elf.dir/Drivers/STM32F4xx_HAL_Driver/Src/stm32f4xx_hal_gpio.c.obj
                0x000000000800086c                HAL_GPIO_Init
 .text.HAL_GPIO_WritePin
                0x0000000008000a68        0xc CMakeFiles/RM_Board_A.elf.dir/Drivers/STM32F4xx_HAL_Driver/Src/stm32f4xx_hal_gpio.c.obj
                0x0000000008000a68                HAL_GPIO_WritePin
 .text.HAL_GPIO_TogglePin
                0x0000000008000a74       0x12 CMakeFiles/RM_Board_A.elf.dir/Drivers/STM32F4xx_HAL_Driver/Src/stm32f4xx_hal_gpio.c.obj
                0x0000000008000a74                HAL_GPIO_TogglePin
 *fill*         0x0000000008000a86        0x2 
 .text.HAL_RCC_OscConfig
                0x0000000008000a88      0x3f8 CMakeFiles/RM_Board_A.elf.dir/Drivers/STM32F4xx_HAL_Driver/Src/stm32f4xx_hal_rcc.c.obj
                0x0000000008000a88                HAL_RCC_OscConfig
 .text.HAL_RCC_GetSysClockFreq
                0x0000000008000e80       0xa4 CMakeFiles/RM_Board_A.elf.dir/Drivers/STM32F4xx_HAL_Driver/Src/stm32f4xx_hal_rcc.c.obj
                0x0000000008000e80                HAL_RCC_GetSysClockFreq
 .text.HAL_RCC_ClockConfig
                0x0000000008000f24      0x160 CMakeFiles/RM_Board_A.elf.dir/Drivers/STM32F4xx_HAL_Driver/Src/stm32f4xx_hal_rcc.c.obj
                0x0000000008000f24                HAL_RCC_ClockConfig
 .text.__libc_init_array
                0x0000000008001084       0x48 /Applications/ARM/bin/../lib/gcc/arm-none-eabi/10.3.1/../../../../arm-none-eabi/lib/thumb/v7e-m/nofp/libg.a(lib_a-init.o)
                0x0000000008001084                __libc_init_array
 .text.memset   0x00000000080010cc       0xa4 /Applications/ARM/bin/../lib/gcc/arm-none-eabi/10.3.1/../../../../arm-none-eabi/lib/thumb/v7e-m/nofp/libg.a(lib_a-memset.o)
                0x00000000080010cc                memset
 .text.startup.register_fini
                0x0000000008001170       0x14 /Applications/ARM/bin/../lib/gcc/arm-none-eabi/10.3.1/../../../../arm-none-eabi/lib/thumb/v7e-m/nofp/libg.a(lib_a-__call_atexit.o)
 .text.atexit   0x0000000008001184        0xc /Applications/ARM/bin/../lib/gcc/arm-none-eabi/10.3.1/../../../../arm-none-eabi/lib/thumb/v7e-m/nofp/libg.a(lib_a-atexit.o)
                0x0000000008001184                atexit
 .text.__libc_fini_array
                0x0000000008001190       0x2c /Applications/ARM/bin/../lib/gcc/arm-none-eabi/10.3.1/../../../../arm-none-eabi/lib/thumb/v7e-m/nofp/libg.a(lib_a-fini.o)
                0x0000000008001190                __libc_fini_array
 .text.__retarget_lock_acquire_recursive
                0x00000000080011bc        0x4 /Applications/ARM/bin/../lib/gcc/arm-none-eabi/10.3.1/../../../../arm-none-eabi/lib/thumb/v7e-m/nofp/libg.a(lib_a-lock.o)
                0x00000000080011bc                __retarget_lock_acquire_recursive
 .text.__retarget_lock_release_recursive
                0x00000000080011c0        0x4 /Applications/ARM/bin/../lib/gcc/arm-none-eabi/10.3.1/../../../../arm-none-eabi/lib/thumb/v7e-m/nofp/libg.a(lib_a-lock.o)
                0x00000000080011c0                __retarget_lock_release_recursive
 .text.__register_exitproc
                0x00000000080011c4       0x8c /Applications/ARM/bin/../lib/gcc/arm-none-eabi/10.3.1/../../../../arm-none-eabi/lib/thumb/v7e-m/nofp/libg.a(lib_a-__atexit.o)
                0x00000000080011c4                __register_exitproc
 *(.glue_7)
 .glue_7        0x0000000008001250        0x0 linker stubs
 *(.glue_7t)
 .glue_7t       0x0000000008001250        0x0 linker stubs
 *(.eh_frame)
 .eh_frame      0x0000000008001250        0x0 /Applications/ARM/bin/../lib/gcc/arm-none-eabi/10.3.1/thumb/v7e-m/nofp/crtbegin.o
 *(.init)
 .init          0x0000000008001250        0x4 /Applications/ARM/bin/../lib/gcc/arm-none-eabi/10.3.1/thumb/v7e-m/nofp/crti.o
                0x0000000008001250                _init
 .init          0x0000000008001254        0x8 /Applications/ARM/bin/../lib/gcc/arm-none-eabi/10.3.1/thumb/v7e-m/nofp/crtn.o
 *(.fini)
 .fini          0x000000000800125c        0x4 /Applications/ARM/bin/../lib/gcc/arm-none-eabi/10.3.1/thumb/v7e-m/nofp/crti.o
                0x000000000800125c                _fini
 .fini          0x0000000008001260        0x8 /Applications/ARM/bin/../lib/gcc/arm-none-eabi/10.3.1/thumb/v7e-m/nofp/crtn.o
                0x0000000008001268                . = ALIGN (0x4)
                0x0000000008001268                _etext = .

.vfp11_veneer   0x0000000008001268        0x0
 .vfp11_veneer  0x0000000008001268        0x0 linker stubs

.v4_bx          0x0000000008001268        0x0
 .v4_bx         0x0000000008001268        0x0 linker stubs

.iplt           0x0000000008001268        0x0
 .iplt          0x0000000008001268        0x0 /Applications/ARM/bin/../lib/gcc/arm-none-eabi/10.3.1/thumb/v7e-m/nofp/crtbegin.o

.rodata         0x0000000008001268       0x14
                0x0000000008001268                . = ALIGN (0x4)
 *(.rodata)
 *(.rodata*)
 .rodata.AHBPrescTable
                0x0000000008001268       0x10 CMakeFiles/RM_Board_A.elf.dir/Core/Src/system_stm32f4xx.c.obj
                0x0000000008001268                AHBPrescTable
 .rodata._global_impure_ptr
                0x0000000008001278        0x4 /Applications/ARM/bin/../lib/gcc/arm-none-eabi/10.3.1/../../../../arm-none-eabi/lib/thumb/v7e-m/nofp/libg.a(lib_a-impure.o)
                0x0000000008001278                _global_impure_ptr
                0x000000000800127c                . = ALIGN (0x4)

.ARM.extab      0x000000000800127c        0x0
                0x000000000800127c                . = ALIGN (0x4)
 *(.ARM.extab* .gnu.linkonce.armextab.*)
                0x000000000800127c                . = ALIGN (0x4)

.ARM            0x000000000800127c        0x8
                0x000000000800127c                . = ALIGN (0x4)
                0x000000000800127c                __exidx_start = .
 *(.ARM.exidx*)
 .ARM.exidx     0x000000000800127c        0x8 /Applications/ARM/bin/../lib/gcc/arm-none-eabi/10.3.1/thumb/v7e-m/nofp/libgcc.a(_udivmoddi4.o)
                0x0000000008001284                __exidx_end = .
                0x0000000008001284                . = ALIGN (0x4)

.rel.dyn        0x0000000008001284        0x0
 .rel.iplt      0x0000000008001284        0x0 /Applications/ARM/bin/../lib/gcc/arm-none-eabi/10.3.1/thumb/v7e-m/nofp/crtbegin.o

.preinit_array  0x0000000008001284        0x0
                0x0000000008001284                . = ALIGN (0x4)
                0x0000000008001284                PROVIDE (__preinit_array_start = .)
 *(.preinit_array*)
                0x0000000008001284                PROVIDE (__preinit_array_end = .)
                0x0000000008001284                . = ALIGN (0x4)

.init_array     0x0000000008001284        0x8
                0x0000000008001284                . = ALIGN (0x4)
                0x0000000008001284                PROVIDE (__init_array_start = .)
 *(SORT_BY_NAME(.init_array.*))
 .init_array.00000
                0x0000000008001284        0x4 /Applications/ARM/bin/../lib/gcc/arm-none-eabi/10.3.1/../../../../arm-none-eabi/lib/thumb/v7e-m/nofp/libg.a(lib_a-__call_atexit.o)
 *(.init_array*)
 .init_array    0x0000000008001288        0x4 /Applications/ARM/bin/../lib/gcc/arm-none-eabi/10.3.1/thumb/v7e-m/nofp/crtbegin.o
                0x000000000800128c                PROVIDE (__init_array_end = .)
                0x000000000800128c                . = ALIGN (0x4)

.fini_array     0x000000000800128c        0x4
                0x000000000800128c                . = ALIGN (0x4)
                0x000000000800128c                PROVIDE (__fini_array_start = .)
 *(SORT_BY_NAME(.fini_array.*))
 *(.fini_array*)
 .fini_array    0x000000000800128c        0x4 /Applications/ARM/bin/../lib/gcc/arm-none-eabi/10.3.1/thumb/v7e-m/nofp/crtbegin.o
                0x0000000008001290                PROVIDE (__fini_array_end = .)
                0x0000000008001290                . = ALIGN (0x4)
                0x0000000008001290                _sidata = LOADADDR (.data)

.data           0x0000000020000000      0x44c load address 0x0000000008001290
                0x0000000020000000                . = ALIGN (0x4)
                0x0000000020000000                _sdata = .
 *(.data)
 *(.data*)
 .data.DIODE_Pins
                0x0000000020000000       0x10 CMakeFiles/RM_Board_A.elf.dir/Application/Src/LEDs_onboard.c.obj
                0x0000000020000000                DIODE_Pins
 .data.SystemCoreClock
                0x0000000020000010        0x4 CMakeFiles/RM_Board_A.elf.dir/Core/Src/system_stm32f4xx.c.obj
                0x0000000020000010                SystemCoreClock
 .data.uwTickFreq
                0x0000000020000014        0x1 CMakeFiles/RM_Board_A.elf.dir/Drivers/STM32F4xx_HAL_Driver/Src/stm32f4xx_hal.c.obj
                0x0000000020000014                uwTickFreq
 *fill*         0x0000000020000015        0x3 
 .data.uwTickPrio
                0x0000000020000018        0x4 CMakeFiles/RM_Board_A.elf.dir/Drivers/STM32F4xx_HAL_Driver/Src/stm32f4xx_hal.c.obj
                0x0000000020000018                uwTickPrio
 *fill*         0x000000002000001c        0x4 
 .data.impure_data
                0x0000000020000020      0x428 /Applications/ARM/bin/../lib/gcc/arm-none-eabi/10.3.1/../../../../arm-none-eabi/lib/thumb/v7e-m/nofp/libg.a(lib_a-impure.o)
 .data.__atexit_recursive_mutex
                0x0000000020000448        0x4 /Applications/ARM/bin/../lib/gcc/arm-none-eabi/10.3.1/../../../../arm-none-eabi/lib/thumb/v7e-m/nofp/libg.a(lib_a-__call_atexit.o)
                0x0000000020000448                __atexit_recursive_mutex
 *(.RamFunc)
 *(.RamFunc*)
                0x000000002000044c                . = ALIGN (0x4)
                0x000000002000044c                _edata = .
                0x00000000080016dc                _siccmram = LOADADDR (.ccmram)

.igot.plt       0x000000002000044c        0x0 load address 0x00000000080016dc
 .igot.plt      0x000000002000044c        0x0 /Applications/ARM/bin/../lib/gcc/arm-none-eabi/10.3.1/thumb/v7e-m/nofp/crtbegin.o

.ccmram         0x0000000010000000        0x0 load address 0x00000000080016dc
                0x0000000010000000                . = ALIGN (0x4)
                0x0000000010000000                _sccmram = .
 *(.ccmram)
 *(.ccmram*)
                0x0000000010000000                . = ALIGN (0x4)
                0x0000000010000000                _eccmram = .
                0x0000000010000000                . = ALIGN (0x4)

.bss            0x000000002000044c       0x24
                0x000000002000044c                _sbss = .
                0x000000002000044c                __bss_start__ = _sbss
 *(.bss)
 .bss           0x000000002000044c       0x1c /Applications/ARM/bin/../lib/gcc/arm-none-eabi/10.3.1/thumb/v7e-m/nofp/crtbegin.o
 *(.bss*)
 .bss.uwTick    0x0000000020000468        0x4 CMakeFiles/RM_Board_A.elf.dir/Drivers/STM32F4xx_HAL_Driver/Src/stm32f4xx_hal.c.obj
                0x0000000020000468                uwTick
 .bss.__lock___atexit_recursive_mutex
                0x000000002000046c        0x1 /Applications/ARM/bin/../lib/gcc/arm-none-eabi/10.3.1/../../../../arm-none-eabi/lib/thumb/v7e-m/nofp/libg.a(lib_a-lock.o)
                0x000000002000046c                __lock___atexit_recursive_mutex
 *(COMMON)
                0x0000000020000470                . = ALIGN (0x4)
 *fill*         0x000000002000046d        0x3 
                0x0000000020000470                _ebss = .
                0x0000000020000470                __bss_end__ = _ebss

._user_heap_stack
                0x0000000020000470      0x600
                0x0000000020000470                . = ALIGN (0x8)
                [!provide]                        PROVIDE (end = .)
                0x0000000020000470                PROVIDE (_end = .)
                0x0000000020000670                . = (. + _Min_Heap_Size)
 *fill*         0x0000000020000470      0x200 
                0x0000000020000a70                . = (. + _Min_Stack_Size)
 *fill*         0x0000000020000670      0x400 
                0x0000000020000a70                . = ALIGN (0x8)

/DISCARD/
 libc.a(*)
 libm.a(*)
 libgcc.a(*)

.ARM.attributes
                0x0000000000000000       0x2a
 *(.ARM.attributes)
 .ARM.attributes
                0x0000000000000000       0x1e /Applications/ARM/bin/../lib/gcc/arm-none-eabi/10.3.1/thumb/v7e-m/nofp/crti.o
 .ARM.attributes
                0x000000000000001e       0x2e /Applications/ARM/bin/../lib/gcc/arm-none-eabi/10.3.1/thumb/v7e-m/nofp/crtbegin.o
 .ARM.attributes
                0x000000000000004c       0x2e CMakeFiles/RM_Board_A.elf.dir/Application/Src/LEDs_onboard.c.obj
 .ARM.attributes
                0x000000000000007a       0x2e CMakeFiles/RM_Board_A.elf.dir/Core/Src/main.c.obj
 .ARM.attributes
                0x00000000000000a8       0x2e CMakeFiles/RM_Board_A.elf.dir/Core/Src/stm32f4xx_hal_msp.c.obj
 .ARM.attributes
                0x00000000000000d6       0x2e CMakeFiles/RM_Board_A.elf.dir/Core/Src/stm32f4xx_it.c.obj
 .ARM.attributes
                0x0000000000000104       0x2e CMakeFiles/RM_Board_A.elf.dir/Core/Src/system_stm32f4xx.c.obj
 .ARM.attributes
                0x0000000000000132       0x21 CMakeFiles/RM_Board_A.elf.dir/Core/Startup/startup_stm32f427iihx.s.obj
 .ARM.attributes
                0x0000000000000153       0x2e CMakeFiles/RM_Board_A.elf.dir/Drivers/STM32F4xx_HAL_Driver/Src/stm32f4xx_hal.c.obj
 .ARM.attributes
                0x0000000000000181       0x2e CMakeFiles/RM_Board_A.elf.dir/Drivers/STM32F4xx_HAL_Driver/Src/stm32f4xx_hal_cortex.c.obj
 .ARM.attributes
                0x00000000000001af       0x2e CMakeFiles/RM_Board_A.elf.dir/Drivers/STM32F4xx_HAL_Driver/Src/stm32f4xx_hal_gpio.c.obj
 .ARM.attributes
                0x00000000000001dd       0x2e CMakeFiles/RM_Board_A.elf.dir/Drivers/STM32F4xx_HAL_Driver/Src/stm32f4xx_hal_rcc.c.obj
 .ARM.attributes
                0x000000000000020b       0x1e /Applications/ARM/bin/../lib/gcc/arm-none-eabi/10.3.1/thumb/v7e-m/nofp/libgcc.a(_aeabi_uldivmod.o)
 .ARM.attributes
                0x0000000000000229       0x2e /Applications/ARM/bin/../lib/gcc/arm-none-eabi/10.3.1/thumb/v7e-m/nofp/libgcc.a(_udivmoddi4.o)
 .ARM.attributes
                0x0000000000000257       0x1e /Applications/ARM/bin/../lib/gcc/arm-none-eabi/10.3.1/thumb/v7e-m/nofp/libgcc.a(_dvmd_tls.o)
 .ARM.attributes
                0x0000000000000275       0x2e /Applications/ARM/bin/../lib/gcc/arm-none-eabi/10.3.1/../../../../arm-none-eabi/lib/thumb/v7e-m/nofp/libg.a(lib_a-impure.o)
 .ARM.attributes
                0x00000000000002a3       0x2e /Applications/ARM/bin/../lib/gcc/arm-none-eabi/10.3.1/../../../../arm-none-eabi/lib/thumb/v7e-m/nofp/libg.a(lib_a-init.o)
 .ARM.attributes
                0x00000000000002d1       0x2e /Applications/ARM/bin/../lib/gcc/arm-none-eabi/10.3.1/../../../../arm-none-eabi/lib/thumb/v7e-m/nofp/libg.a(lib_a-memset.o)
 .ARM.attributes
                0x00000000000002ff       0x2e /Applications/ARM/bin/../lib/gcc/arm-none-eabi/10.3.1/../../../../arm-none-eabi/lib/thumb/v7e-m/nofp/libg.a(lib_a-__call_atexit.o)
 .ARM.attributes
                0x000000000000032d       0x2e /Applications/ARM/bin/../lib/gcc/arm-none-eabi/10.3.1/../../../../arm-none-eabi/lib/thumb/v7e-m/nofp/libg.a(lib_a-atexit.o)
 .ARM.attributes
                0x000000000000035b       0x2e /Applications/ARM/bin/../lib/gcc/arm-none-eabi/10.3.1/../../../../arm-none-eabi/lib/thumb/v7e-m/nofp/libg.a(lib_a-fini.o)
 .ARM.attributes
                0x0000000000000389       0x2e /Applications/ARM/bin/../lib/gcc/arm-none-eabi/10.3.1/../../../../arm-none-eabi/lib/thumb/v7e-m/nofp/libg.a(lib_a-lock.o)
 .ARM.attributes
                0x00000000000003b7       0x2e /Applications/ARM/bin/../lib/gcc/arm-none-eabi/10.3.1/../../../../arm-none-eabi/lib/thumb/v7e-m/nofp/libg.a(lib_a-__atexit.o)
 .ARM.attributes
                0x00000000000003e5       0x1e /Applications/ARM/bin/../lib/gcc/arm-none-eabi/10.3.1/thumb/v7e-m/nofp/crtn.o
OUTPUT(RM_Board_A.elf elf32-littlearm)
LOAD linker stubs
LOAD /Applications/ARM/bin/../lib/gcc/arm-none-eabi/10.3.1/../../../../arm-none-eabi/lib/thumb/v7e-m/nofp/libc.a
LOAD /Applications/ARM/bin/../lib/gcc/arm-none-eabi/10.3.1/../../../../arm-none-eabi/lib/thumb/v7e-m/nofp/libm.a
LOAD /Applications/ARM/bin/../lib/gcc/arm-none-eabi/10.3.1/thumb/v7e-m/nofp/libgcc.a

.debug_info     0x0000000000000000     0x3fc2
 .debug_info    0x0000000000000000      0x2b1 CMakeFiles/RM_Board_A.elf.dir/Application/Src/LEDs_onboard.c.obj
 .debug_info    0x00000000000002b1      0x75e CMakeFiles/RM_Board_A.elf.dir/Core/Src/main.c.obj
 .debug_info    0x0000000000000a0f      0x2c0 CMakeFiles/RM_Board_A.elf.dir/Core/Src/stm32f4xx_hal_msp.c.obj
 .debug_info    0x0000000000000ccf      0x12f CMakeFiles/RM_Board_A.elf.dir/Core/Src/stm32f4xx_it.c.obj
 .debug_info    0x0000000000000dfe      0x399 CMakeFiles/RM_Board_A.elf.dir/Core/Src/system_stm32f4xx.c.obj
 .debug_info    0x0000000000001197       0x22 CMakeFiles/RM_Board_A.elf.dir/Core/Startup/startup_stm32f427iihx.s.obj
 .debug_info    0x00000000000011b9      0xa5c CMakeFiles/RM_Board_A.elf.dir/Drivers/STM32F4xx_HAL_Driver/Src/stm32f4xx_hal.c.obj
 .debug_info    0x0000000000001c15     0x10c2 CMakeFiles/RM_Board_A.elf.dir/Drivers/STM32F4xx_HAL_Driver/Src/stm32f4xx_hal_cortex.c.obj
 .debug_info    0x0000000000002cd7      0x7cc CMakeFiles/RM_Board_A.elf.dir/Drivers/STM32F4xx_HAL_Driver/Src/stm32f4xx_hal_gpio.c.obj
 .debug_info    0x00000000000034a3      0xb1f CMakeFiles/RM_Board_A.elf.dir/Drivers/STM32F4xx_HAL_Driver/Src/stm32f4xx_hal_rcc.c.obj

.debug_abbrev   0x0000000000000000      0xf84
 .debug_abbrev  0x0000000000000000      0x145 CMakeFiles/RM_Board_A.elf.dir/Application/Src/LEDs_onboard.c.obj
 .debug_abbrev  0x0000000000000145      0x1dc CMakeFiles/RM_Board_A.elf.dir/Core/Src/main.c.obj
 .debug_abbrev  0x0000000000000321       0xd1 CMakeFiles/RM_Board_A.elf.dir/Core/Src/stm32f4xx_hal_msp.c.obj
 .debug_abbrev  0x00000000000003f2       0x7e CMakeFiles/RM_Board_A.elf.dir/Core/Src/stm32f4xx_it.c.obj
 .debug_abbrev  0x0000000000000470      0x119 CMakeFiles/RM_Board_A.elf.dir/Core/Src/system_stm32f4xx.c.obj
 .debug_abbrev  0x0000000000000589       0x12 CMakeFiles/RM_Board_A.elf.dir/Core/Startup/startup_stm32f427iihx.s.obj
 .debug_abbrev  0x000000000000059b      0x206 CMakeFiles/RM_Board_A.elf.dir/Drivers/STM32F4xx_HAL_Driver/Src/stm32f4xx_hal.c.obj
 .debug_abbrev  0x00000000000007a1      0x36a CMakeFiles/RM_Board_A.elf.dir/Drivers/STM32F4xx_HAL_Driver/Src/stm32f4xx_hal_cortex.c.obj
 .debug_abbrev  0x0000000000000b0b      0x1ef CMakeFiles/RM_Board_A.elf.dir/Drivers/STM32F4xx_HAL_Driver/Src/stm32f4xx_hal_gpio.c.obj
 .debug_abbrev  0x0000000000000cfa      0x28a CMakeFiles/RM_Board_A.elf.dir/Drivers/STM32F4xx_HAL_Driver/Src/stm32f4xx_hal_rcc.c.obj

.debug_loc      0x0000000000000000     0x14f2
 .debug_loc     0x0000000000000000       0x69 CMakeFiles/RM_Board_A.elf.dir/Application/Src/LEDs_onboard.c.obj
 .debug_loc     0x0000000000000069      0x158 CMakeFiles/RM_Board_A.elf.dir/Core/Src/system_stm32f4xx.c.obj
 .debug_loc     0x00000000000001c1      0x141 CMakeFiles/RM_Board_A.elf.dir/Drivers/STM32F4xx_HAL_Driver/Src/stm32f4xx_hal.c.obj
 .debug_loc     0x0000000000000302      0x744 CMakeFiles/RM_Board_A.elf.dir/Drivers/STM32F4xx_HAL_Driver/Src/stm32f4xx_hal_cortex.c.obj
 .debug_loc     0x0000000000000a46      0x520 CMakeFiles/RM_Board_A.elf.dir/Drivers/STM32F4xx_HAL_Driver/Src/stm32f4xx_hal_gpio.c.obj
 .debug_loc     0x0000000000000f66      0x58c CMakeFiles/RM_Board_A.elf.dir/Drivers/STM32F4xx_HAL_Driver/Src/stm32f4xx_hal_rcc.c.obj

.debug_aranges  0x0000000000000000      0x3c0
 .debug_aranges
                0x0000000000000000       0x30 CMakeFiles/RM_Board_A.elf.dir/Application/Src/LEDs_onboard.c.obj
 .debug_aranges
                0x0000000000000030       0x38 CMakeFiles/RM_Board_A.elf.dir/Core/Src/main.c.obj
 .debug_aranges
                0x0000000000000068       0x20 CMakeFiles/RM_Board_A.elf.dir/Core/Src/stm32f4xx_hal_msp.c.obj
 .debug_aranges
                0x0000000000000088       0x60 CMakeFiles/RM_Board_A.elf.dir/Core/Src/stm32f4xx_it.c.obj
 .debug_aranges
                0x00000000000000e8       0x28 CMakeFiles/RM_Board_A.elf.dir/Core/Src/system_stm32f4xx.c.obj
 .debug_aranges
                0x0000000000000110       0x28 CMakeFiles/RM_Board_A.elf.dir/Core/Startup/startup_stm32f427iihx.s.obj
 .debug_aranges
                0x0000000000000138      0x100 CMakeFiles/RM_Board_A.elf.dir/Drivers/STM32F4xx_HAL_Driver/Src/stm32f4xx_hal.c.obj
 .debug_aranges
                0x0000000000000238       0xa8 CMakeFiles/RM_Board_A.elf.dir/Drivers/STM32F4xx_HAL_Driver/Src/stm32f4xx_hal_cortex.c.obj
 .debug_aranges
                0x00000000000002e0       0x58 CMakeFiles/RM_Board_A.elf.dir/Drivers/STM32F4xx_HAL_Driver/Src/stm32f4xx_hal_gpio.c.obj
 .debug_aranges
                0x0000000000000338       0x88 CMakeFiles/RM_Board_A.elf.dir/Drivers/STM32F4xx_HAL_Driver/Src/stm32f4xx_hal_rcc.c.obj

.debug_ranges   0x0000000000000000      0x3a0
 .debug_ranges  0x0000000000000000       0x20 CMakeFiles/RM_Board_A.elf.dir/Application/Src/LEDs_onboard.c.obj
 .debug_ranges  0x0000000000000020       0x28 CMakeFiles/RM_Board_A.elf.dir/Core/Src/main.c.obj
 .debug_ranges  0x0000000000000048       0x10 CMakeFiles/RM_Board_A.elf.dir/Core/Src/stm32f4xx_hal_msp.c.obj
 .debug_ranges  0x0000000000000058       0x50 CMakeFiles/RM_Board_A.elf.dir/Core/Src/stm32f4xx_it.c.obj
 .debug_ranges  0x00000000000000a8       0x18 CMakeFiles/RM_Board_A.elf.dir/Core/Src/system_stm32f4xx.c.obj
 .debug_ranges  0x00000000000000c0       0x20 CMakeFiles/RM_Board_A.elf.dir/Core/Startup/startup_stm32f427iihx.s.obj
 .debug_ranges  0x00000000000000e0       0xf0 CMakeFiles/RM_Board_A.elf.dir/Drivers/STM32F4xx_HAL_Driver/Src/stm32f4xx_hal.c.obj
 .debug_ranges  0x00000000000001d0       0xf8 CMakeFiles/RM_Board_A.elf.dir/Drivers/STM32F4xx_HAL_Driver/Src/stm32f4xx_hal_cortex.c.obj
 .debug_ranges  0x00000000000002c8       0x48 CMakeFiles/RM_Board_A.elf.dir/Drivers/STM32F4xx_HAL_Driver/Src/stm32f4xx_hal_gpio.c.obj
 .debug_ranges  0x0000000000000310       0x90 CMakeFiles/RM_Board_A.elf.dir/Drivers/STM32F4xx_HAL_Driver/Src/stm32f4xx_hal_rcc.c.obj

.debug_line     0x0000000000000000     0x2c14
 .debug_line    0x0000000000000000      0x28c CMakeFiles/RM_Board_A.elf.dir/Application/Src/LEDs_onboard.c.obj
 .debug_line    0x000000000000028c      0x3b7 CMakeFiles/RM_Board_A.elf.dir/Core/Src/main.c.obj
 .debug_line    0x0000000000000643      0x15c CMakeFiles/RM_Board_A.elf.dir/Core/Src/stm32f4xx_hal_msp.c.obj
 .debug_line    0x000000000000079f      0x1bb CMakeFiles/RM_Board_A.elf.dir/Core/Src/stm32f4xx_it.c.obj
 .debug_line    0x000000000000095a      0x225 CMakeFiles/RM_Board_A.elf.dir/Core/Src/system_stm32f4xx.c.obj
 .debug_line    0x0000000000000b7f       0xa7 CMakeFiles/RM_Board_A.elf.dir/Core/Startup/startup_stm32f427iihx.s.obj
 .debug_line    0x0000000000000c26      0x5e3 CMakeFiles/RM_Board_A.elf.dir/Drivers/STM32F4xx_HAL_Driver/Src/stm32f4xx_hal.c.obj
 .debug_line    0x0000000000001209      0x7be CMakeFiles/RM_Board_A.elf.dir/Drivers/STM32F4xx_HAL_Driver/Src/stm32f4xx_hal_cortex.c.obj
 .debug_line    0x00000000000019c7      0x71a CMakeFiles/RM_Board_A.elf.dir/Drivers/STM32F4xx_HAL_Driver/Src/stm32f4xx_hal_gpio.c.obj
 .debug_line    0x00000000000020e1      0xb33 CMakeFiles/RM_Board_A.elf.dir/Drivers/STM32F4xx_HAL_Driver/Src/stm32f4xx_hal_rcc.c.obj

.debug_str      0x0000000000000000     0x18be
 .debug_str     0x0000000000000000      0x266 CMakeFiles/RM_Board_A.elf.dir/Application/Src/LEDs_onboard.c.obj
                                        0x2ac (size before relaxing)
 .debug_str     0x0000000000000266      0x352 CMakeFiles/RM_Board_A.elf.dir/Core/Src/main.c.obj
                                        0x589 (size before relaxing)
 .debug_str     0x00000000000005b8       0x4b CMakeFiles/RM_Board_A.elf.dir/Core/Src/stm32f4xx_hal_msp.c.obj
                                        0x2fe (size before relaxing)
 .debug_str     0x0000000000000603       0xd6 CMakeFiles/RM_Board_A.elf.dir/Core/Src/stm32f4xx_it.c.obj
                                        0x25f (size before relaxing)
 .debug_str     0x00000000000006d9       0xa6 CMakeFiles/RM_Board_A.elf.dir/Core/Src/system_stm32f4xx.c.obj
                                        0x364 (size before relaxing)
 .debug_str     0x000000000000077f       0x55 CMakeFiles/RM_Board_A.elf.dir/Core/Startup/startup_stm32f427iihx.s.obj
                                         0x89 (size before relaxing)
 .debug_str     0x00000000000007d4      0x901 CMakeFiles/RM_Board_A.elf.dir/Drivers/STM32F4xx_HAL_Driver/Src/stm32f4xx_hal.c.obj
                                        0xc25 (size before relaxing)
 .debug_str     0x00000000000010d5      0x4e2 CMakeFiles/RM_Board_A.elf.dir/Drivers/STM32F4xx_HAL_Driver/Src/stm32f4xx_hal_cortex.c.obj
                                        0xca9 (size before relaxing)
 .debug_str     0x00000000000015b7      0x144 CMakeFiles/RM_Board_A.elf.dir/Drivers/STM32F4xx_HAL_Driver/Src/stm32f4xx_hal_gpio.c.obj
                                        0x523 (size before relaxing)
 .debug_str     0x00000000000016fb      0x1c3 CMakeFiles/RM_Board_A.elf.dir/Drivers/STM32F4xx_HAL_Driver/Src/stm32f4xx_hal_rcc.c.obj
                                        0x749 (size before relaxing)

.comment        0x0000000000000000       0x49
 .comment       0x0000000000000000       0x49 CMakeFiles/RM_Board_A.elf.dir/Application/Src/LEDs_onboard.c.obj
                                         0x4a (size before relaxing)
 .comment       0x0000000000000049       0x4a CMakeFiles/RM_Board_A.elf.dir/Core/Src/main.c.obj
 .comment       0x0000000000000049       0x4a CMakeFiles/RM_Board_A.elf.dir/Core/Src/stm32f4xx_hal_msp.c.obj
 .comment       0x0000000000000049       0x4a CMakeFiles/RM_Board_A.elf.dir/Core/Src/stm32f4xx_it.c.obj
 .comment       0x0000000000000049       0x4a CMakeFiles/RM_Board_A.elf.dir/Core/Src/system_stm32f4xx.c.obj
 .comment       0x0000000000000049       0x4a CMakeFiles/RM_Board_A.elf.dir/Drivers/STM32F4xx_HAL_Driver/Src/stm32f4xx_hal.c.obj
 .comment       0x0000000000000049       0x4a CMakeFiles/RM_Board_A.elf.dir/Drivers/STM32F4xx_HAL_Driver/Src/stm32f4xx_hal_cortex.c.obj
 .comment       0x0000000000000049       0x4a CMakeFiles/RM_Board_A.elf.dir/Drivers/STM32F4xx_HAL_Driver/Src/stm32f4xx_hal_gpio.c.obj
 .comment       0x0000000000000049       0x4a CMakeFiles/RM_Board_A.elf.dir/Drivers/STM32F4xx_HAL_Driver/Src/stm32f4xx_hal_rcc.c.obj

.debug_frame    0x0000000000000000      0x9b4
 .debug_frame   0x0000000000000000       0x58 CMakeFiles/RM_Board_A.elf.dir/Application/Src/LEDs_onboard.c.obj
 .debug_frame   0x0000000000000058       0x78 CMakeFiles/RM_Board_A.elf.dir/Core/Src/main.c.obj
 .debug_frame   0x00000000000000d0       0x28 CMakeFiles/RM_Board_A.elf.dir/Core/Src/stm32f4xx_hal_msp.c.obj
 .debug_frame   0x00000000000000f8       0xa8 CMakeFiles/RM_Board_A.elf.dir/Core/Src/stm32f4xx_it.c.obj
 .debug_frame   0x00000000000001a0       0x30 CMakeFiles/RM_Board_A.elf.dir/Core/Src/system_stm32f4xx.c.obj
 .debug_frame   0x00000000000001d0      0x20c CMakeFiles/RM_Board_A.elf.dir/Drivers/STM32F4xx_HAL_Driver/Src/stm32f4xx_hal.c.obj
 .debug_frame   0x00000000000003dc      0x148 CMakeFiles/RM_Board_A.elf.dir/Drivers/STM32F4xx_HAL_Driver/Src/stm32f4xx_hal_cortex.c.obj
 .debug_frame   0x0000000000000524       0xd8 CMakeFiles/RM_Board_A.elf.dir/Drivers/STM32F4xx_HAL_Driver/Src/stm32f4xx_hal_gpio.c.obj
 .debug_frame   0x00000000000005fc      0x16c CMakeFiles/RM_Board_A.elf.dir/Drivers/STM32F4xx_HAL_Driver/Src/stm32f4xx_hal_rcc.c.obj
 .debug_frame   0x0000000000000768       0x2c /Applications/ARM/bin/../lib/gcc/arm-none-eabi/10.3.1/thumb/v7e-m/nofp/libgcc.a(_aeabi_uldivmod.o)
 .debug_frame   0x0000000000000794       0x34 /Applications/ARM/bin/../lib/gcc/arm-none-eabi/10.3.1/thumb/v7e-m/nofp/libgcc.a(_udivmoddi4.o)
 .debug_frame   0x00000000000007c8       0x2c /Applications/ARM/bin/../lib/gcc/arm-none-eabi/10.3.1/../../../../arm-none-eabi/lib/thumb/v7e-m/nofp/libg.a(lib_a-init.o)
 .debug_frame   0x00000000000007f4       0x2c /Applications/ARM/bin/../lib/gcc/arm-none-eabi/10.3.1/../../../../arm-none-eabi/lib/thumb/v7e-m/nofp/libg.a(lib_a-memset.o)
 .debug_frame   0x0000000000000820       0x5c /Applications/ARM/bin/../lib/gcc/arm-none-eabi/10.3.1/../../../../arm-none-eabi/lib/thumb/v7e-m/nofp/libg.a(lib_a-__call_atexit.o)
 .debug_frame   0x000000000000087c       0x20 /Applications/ARM/bin/../lib/gcc/arm-none-eabi/10.3.1/../../../../arm-none-eabi/lib/thumb/v7e-m/nofp/libg.a(lib_a-atexit.o)
 .debug_frame   0x000000000000089c       0x34 /Applications/ARM/bin/../lib/gcc/arm-none-eabi/10.3.1/../../../../arm-none-eabi/lib/thumb/v7e-m/nofp/libg.a(lib_a-fini.o)
 .debug_frame   0x00000000000008d0       0xb0 /Applications/ARM/bin/../lib/gcc/arm-none-eabi/10.3.1/../../../../arm-none-eabi/lib/thumb/v7e-m/nofp/libg.a(lib_a-lock.o)
 .debug_frame   0x0000000000000980       0x34 /Applications/ARM/bin/../lib/gcc/arm-none-eabi/10.3.1/../../../../arm-none-eabi/lib/thumb/v7e-m/nofp/libg.a(lib_a-__atexit.o)
