Archive member included to satisfy reference by file (symbol)

/Applications/ARM/bin/../lib/gcc/arm-none-eabi/10.3.1/thumb/v7e-m+fp/hard/libgcc.a(_arm_muldf3.o)
                              CMakeFiles/RM_Board_A.elf.dir/Bsp/ST7735/support.c.obj (__aeabi_dmul)
/Applications/ARM/bin/../lib/gcc/arm-none-eabi/10.3.1/thumb/v7e-m+fp/hard/libgcc.a(_arm_addsubdf3.o)
                              CMakeFiles/RM_Board_A.elf.dir/Bsp/ST7735/support.c.obj (__aeabi_i2d)
/Applications/ARM/bin/../lib/gcc/arm-none-eabi/10.3.1/thumb/v7e-m+fp/hard/libgcc.a(_arm_truncdfsf2.o)
                              CMakeFiles/RM_Board_A.elf.dir/Bsp/ST7735/support.c.obj (__aeabi_d2f)
/Applications/ARM/bin/../lib/gcc/arm-none-eabi/10.3.1/thumb/v7e-m+fp/hard/libgcc.a(_aeabi_uldivmod.o)
                              CMakeFiles/RM_Board_A.elf.dir/Drivers/STM32F4xx_HAL_Driver/Src/stm32f4xx_hal_rcc.c.obj (__aeabi_uldivmod)
/Applications/ARM/bin/../lib/gcc/arm-none-eabi/10.3.1/thumb/v7e-m+fp/hard/libgcc.a(_udivmoddi4.o)
                              /Applications/ARM/bin/../lib/gcc/arm-none-eabi/10.3.1/thumb/v7e-m+fp/hard/libgcc.a(_aeabi_uldivmod.o) (__udivmoddi4)
/Applications/ARM/bin/../lib/gcc/arm-none-eabi/10.3.1/thumb/v7e-m+fp/hard/libgcc.a(_dvmd_tls.o)
                              /Applications/ARM/bin/../lib/gcc/arm-none-eabi/10.3.1/thumb/v7e-m+fp/hard/libgcc.a(_aeabi_uldivmod.o) (__aeabi_ldiv0)
/Applications/ARM/bin/../lib/gcc/arm-none-eabi/10.3.1/../../../../arm-none-eabi/lib/thumb/v7e-m+fp/hard/libg.a(lib_a-errno.o)
                              CMakeFiles/RM_Board_A.elf.dir/Core/Src/syscalls.c.obj (__errno)
/Applications/ARM/bin/../lib/gcc/arm-none-eabi/10.3.1/../../../../arm-none-eabi/lib/thumb/v7e-m+fp/hard/libg.a(lib_a-exit.o)
                              /Applications/ARM/bin/../lib/gcc/arm-none-eabi/10.3.1/../../../../arm-none-eabi/lib/thumb/v7e-m+fp/hard/crt0.o (exit)
/Applications/ARM/bin/../lib/gcc/arm-none-eabi/10.3.1/../../../../arm-none-eabi/lib/thumb/v7e-m+fp/hard/libg.a(lib_a-impure.o)
                              /Applications/ARM/bin/../lib/gcc/arm-none-eabi/10.3.1/../../../../arm-none-eabi/lib/thumb/v7e-m+fp/hard/libg.a(lib_a-exit.o) (_global_impure_ptr)
/Applications/ARM/bin/../lib/gcc/arm-none-eabi/10.3.1/../../../../arm-none-eabi/lib/thumb/v7e-m+fp/hard/libg.a(lib_a-init.o)
                              /Applications/ARM/bin/../lib/gcc/arm-none-eabi/10.3.1/../../../../arm-none-eabi/lib/thumb/v7e-m+fp/hard/crt0.o (__libc_init_array)
/Applications/ARM/bin/../lib/gcc/arm-none-eabi/10.3.1/../../../../arm-none-eabi/lib/thumb/v7e-m+fp/hard/libg.a(lib_a-memcpy.o)
                              CMakeFiles/RM_Board_A.elf.dir/Middlewares/Third_Party/FreeRTOS/Source/CMSIS_RTOS_V2/cmsis_os2.c.obj (memcpy)
/Applications/ARM/bin/../lib/gcc/arm-none-eabi/10.3.1/../../../../arm-none-eabi/lib/thumb/v7e-m+fp/hard/libg.a(lib_a-memset.o)
                              /Applications/ARM/bin/../lib/gcc/arm-none-eabi/10.3.1/../../../../arm-none-eabi/lib/thumb/v7e-m+fp/hard/crt0.o (memset)
/Applications/ARM/bin/../lib/gcc/arm-none-eabi/10.3.1/../../../../arm-none-eabi/lib/thumb/v7e-m+fp/hard/libg.a(lib_a-sprintf.o)
                              CMakeFiles/RM_Board_A.elf.dir/Middlewares/Third_Party/FreeRTOS/Source/tasks.c.obj (sprintf)
/Applications/ARM/bin/../lib/gcc/arm-none-eabi/10.3.1/../../../../arm-none-eabi/lib/thumb/v7e-m+fp/hard/libg.a(lib_a-strcpy.o)
                              CMakeFiles/RM_Board_A.elf.dir/Middlewares/Third_Party/FreeRTOS/Source/tasks.c.obj (strcpy)
/Applications/ARM/bin/../lib/gcc/arm-none-eabi/10.3.1/../../../../arm-none-eabi/lib/thumb/v7e-m+fp/hard/libg.a(lib_a-strlen.o)
                              CMakeFiles/RM_Board_A.elf.dir/Core/Src/FreeRTOS_CLI.c.obj (strlen)
/Applications/ARM/bin/../lib/gcc/arm-none-eabi/10.3.1/../../../../arm-none-eabi/lib/thumb/v7e-m+fp/hard/libg.a(lib_a-strncmp.o)
                              CMakeFiles/RM_Board_A.elf.dir/Core/Src/FreeRTOS_CLI.c.obj (strncmp)
/Applications/ARM/bin/../lib/gcc/arm-none-eabi/10.3.1/../../../../arm-none-eabi/lib/thumb/v7e-m+fp/hard/libg.a(lib_a-strncpy.o)
                              CMakeFiles/RM_Board_A.elf.dir/Core/Src/FreeRTOS_CLI.c.obj (strncpy)
/Applications/ARM/bin/../lib/gcc/arm-none-eabi/10.3.1/../../../../arm-none-eabi/lib/thumb/v7e-m+fp/hard/libg.a(lib_a-svfprintf.o)
                              /Applications/ARM/bin/../lib/gcc/arm-none-eabi/10.3.1/../../../../arm-none-eabi/lib/thumb/v7e-m+fp/hard/libg.a(lib_a-sprintf.o) (_svfprintf_r)
/Applications/ARM/bin/../lib/gcc/arm-none-eabi/10.3.1/../../../../arm-none-eabi/lib/thumb/v7e-m+fp/hard/libg.a(lib_a-vsnprintf.o)
                              CMakeFiles/RM_Board_A.elf.dir/USB_DEVICE/App/usbd_cdc_if.c.obj (vsnprintf)
/Applications/ARM/bin/../lib/gcc/arm-none-eabi/10.3.1/../../../../arm-none-eabi/lib/thumb/v7e-m+fp/hard/libg.a(lib_a-__call_atexit.o)
[...]
Memory Configuration

Name             Origin             Length             Attributes
CCMRAM           0x0000000010000000 0x0000000000010000 xrw
RAM              0x0000000020000000 0x0000000000030000 xrw
FLASH            0x0000000008000000 0x0000000000200000 xr
*default*        0x0000000000000000 0xffffffffffffffff

Linker script and memory map

LOAD /Applications/ARM/bin/../lib/gcc/arm-none-eabi/10.3.1/thumb/v7e-m+fp/hard/crti.o
LOAD /Applications/ARM/bin/../lib/gcc/arm-none-eabi/10.3.1/thumb/v7e-m+fp/hard/crtbegin.o
LOAD /Applications/ARM/bin/../lib/gcc/arm-none-eabi/10.3.1/../../../../arm-none-eabi/lib/thumb/v7e-m+fp/hard/crt0.o
LOAD CMakeFiles/RM_Board_A.elf.dir/Application/Src/CAN_receive.c.obj
LOAD CMakeFiles/RM_Board_A.elf.dir/Application/Src/GLOBAL_status.c.obj
LOAD CMakeFiles/RM_Board_A.elf.dir/Application/Src/LEDs_onboard.c.obj
LOAD CMakeFiles/RM_Board_A.elf.dir/Application/Src/remote_control.c.obj
LOAD CMakeFiles/RM_Board_A.elf.dir/Application/Src/user_pid.c.obj
LOAD CMakeFiles/RM_Board_A.elf.dir/Bsp/Buzzer/bsp_buzzer.c.obj
LOAD CMakeFiles/RM_Board_A.elf.dir/Bsp/ST7735/fonts.c.obj
LOAD CMakeFiles/RM_Board_A.elf.dir/Bsp/ST7735/st7735.c.obj
LOAD CMakeFiles/RM_Board_A.elf.dir/Bsp/ST7735/support.c.obj
LOAD CMakeFiles/RM_Board_A.elf.dir/Bsp/bsp_can.c.obj
LOAD CMakeFiles/RM_Board_A.elf.dir/Bsp/bsp_rc.c.obj
LOAD CMakeFiles/RM_Board_A.elf.dir/Bsp/pid.c.obj
LOAD CMakeFiles/RM_Board_A.elf.dir/Core/Src/FreeRTOS_CLI.c.obj
LOAD CMakeFiles/RM_Board_A.elf.dir/Core/Src/adc.c.obj
LOAD CMakeFiles/RM_Board_A.elf.dir/Core/Src/can.c.obj
LOAD CMakeFiles/RM_Board_A.elf.dir/Core/Src/dma.c.obj
LOAD CMakeFiles/RM_Board_A.elf.dir/Core/Src/freertos.c.obj
LOAD CMakeFiles/RM_Board_A.elf.dir/Core/Src/gpio.c.obj
LOAD CMakeFiles/RM_Board_A.elf.dir/Core/Src/main.c.obj
LOAD CMakeFiles/RM_Board_A.elf.dir/Core/Src/spi.c.obj
LOAD CMakeFiles/RM_Board_A.elf.dir/Core/Src/stm32f4xx_hal_msp.c.obj
LOAD CMakeFiles/RM_Board_A.elf.dir/Core/Src/stm32f4xx_hal_timebase_tim.c.obj
LOAD CMakeFiles/RM_Board_A.elf.dir/Core/Src/stm32f4xx_it.c.obj
LOAD CMakeFiles/RM_Board_A.elf.dir/Core/Src/syscalls.c.obj
LOAD CMakeFiles/RM_Board_A.elf.dir/Core/Src/sysmem.c.obj
LOAD CMakeFiles/RM_Board_A.elf.dir/Core/Src/system_stm32f4xx.c.obj
LOAD CMakeFiles/RM_Board_A.elf.dir/Core/Src/tim.c.obj
LOAD CMakeFiles/RM_Board_A.elf.dir/Core/Src/usart.c.obj
LOAD CMakeFiles/RM_Board_A.elf.dir/Core/Startup/startup_stm32f427iihx.s.obj
LOAD CMakeFiles/RM_Board_A.elf.dir/Drivers/STM32F4xx_HAL_Driver/Src/stm32f4xx_hal.c.obj
LOAD CMakeFiles/RM_Board_A.elf.dir/Drivers/STM32F4xx_HAL_Driver/Src/stm32f4xx_hal_adc.c.obj
LOAD CMakeFiles/RM_Board_A.elf.dir/Drivers/STM32F4xx_HAL_Driver/Src/stm32f4xx_hal_adc_ex.c.obj
LOAD CMakeFiles/RM_Board_A.elf.dir/Drivers/STM32F4xx_HAL_Driver/Src/stm32f4xx_hal_can.c.obj
LOAD CMakeFiles/RM_Board_A.elf.dir/Drivers/STM32F4xx_HAL_Driver/Src/stm32f4xx_hal_cortex.c.obj
LOAD CMakeFiles/RM_Board_A.elf.dir/Drivers/STM32F4xx_HAL_Driver/Src/stm32f4xx_hal_dma.c.obj
LOAD CMakeFiles/RM_Board_A.elf.dir/Drivers/STM32F4xx_HAL_Driver/Src/stm32f4xx_hal_dma_ex.c.obj
LOAD CMakeFiles/RM_Board_A.elf.dir/Drivers/STM32F4xx_HAL_Driver/Src/stm32f4xx_hal_exti.c.obj
LOAD CMakeFiles/RM_Board_A.elf.dir/Drivers/STM32F4xx_HAL_Driver/Src/stm32f4xx_hal_flash.c.obj
LOAD CMakeFiles/RM_Board_A.elf.dir/Drivers/STM32F4xx_HAL_Driver/Src/stm32f4xx_hal_flash_ex.c.obj
LOAD CMakeFiles/RM_Board_A.elf.dir/Drivers/STM32F4xx_HAL_Driver/Src/stm32f4xx_hal_flash_ramfunc.c.obj
LOAD CMakeFiles/RM_Board_A.elf.dir/Drivers/STM32F4xx_HAL_Driver/Src/stm32f4xx_hal_gpio.c.obj
LOAD CMakeFiles/RM_Board_A.elf.dir/Drivers/STM32F4xx_HAL_Driver/Src/stm32f4xx_hal_pcd.c.obj
LOAD CMakeFiles/RM_Board_A.elf.dir/Drivers/STM32F4xx_HAL_Driver/Src/stm32f4xx_hal_pcd_ex.c.obj
LOAD CMakeFiles/RM_Board_A.elf.dir/Drivers/STM32F4xx_HAL_Driver/Src/stm32f4xx_hal_pwr.c.obj
LOAD CMakeFiles/RM_Board_A.elf.dir/Drivers/STM32F4xx_HAL_Driver/Src/stm32f4xx_hal_pwr_ex.c.obj
LOAD CMakeFiles/RM_Board_A.elf.dir/Drivers/STM32F4xx_HAL_Driver/Src/stm32f4xx_hal_rcc.c.obj
LOAD CMakeFiles/RM_Board_A.elf.dir/Drivers/STM32F4xx_HAL_Driver/Src/stm32f4xx_hal_rcc_ex.c.obj
LOAD CMakeFiles/RM_Board_A.elf.dir/Drivers/STM32F4xx_HAL_Driver/Src/stm32f4xx_hal_spi.c.obj
LOAD CMakeFiles/RM_Board_A.elf.dir/Drivers/STM32F4xx_HAL_Driver/Src/stm32f4xx_hal_tim.c.obj
LOAD CMakeFiles/RM_Board_A.elf.dir/Drivers/STM32F4xx_HAL_Driver/Src/stm32f4xx_hal_tim_ex.c.obj
LOAD CMakeFiles/RM_Board_A.elf.dir/Drivers/STM32F4xx_HAL_Driver/Src/stm32f4xx_hal_uart.c.obj
LOAD CMakeFiles/RM_Board_A.elf.dir/Drivers/STM32F4xx_HAL_Driver/Src/stm32f4xx_ll_adc.c.obj
LOAD CMakeFiles/RM_Board_A.elf.dir/Drivers/STM32F4xx_HAL_Driver/Src/stm32f4xx_ll_usb.c.obj
LOAD CMakeFiles/RM_Board_A.elf.dir/Middlewares/ST/STM32_USB_Device_Library/Class/CDC/Src/usbd_cdc.c.obj
LOAD CMakeFiles/RM_Board_A.elf.dir/Middlewares/ST/STM32_USB_Device_Library/Core/Src/usbd_core.c.obj
LOAD CMakeFiles/RM_Board_A.elf.dir/Middlewares/ST/STM32_USB_Device_Library/Core/Src/usbd_ctlreq.c.obj
LOAD CMakeFiles/RM_Board_A.elf.dir/Middlewares/ST/STM32_USB_Device_Library/Core/Src/usbd_ioreq.c.obj
LOAD CMakeFiles/RM_Board_A.elf.dir/Middlewares/Third_Party/FreeRTOS/Source/CMSIS_RTOS_V2/cmsis_os2.c.obj
LOAD CMakeFiles/RM_Board_A.elf.dir/Middlewares/Third_Party/FreeRTOS/Source/croutine.c.obj
LOAD CMakeFiles/RM_Board_A.elf.dir/Middlewares/Third_Party/FreeRTOS/Source/event_groups.c.obj
LOAD CMakeFiles/RM_Board_A.elf.dir/Middlewares/Third_Party/FreeRTOS/Source/list.c.obj
LOAD CMakeFiles/RM_Board_A.elf.dir/Middlewares/Third_Party/FreeRTOS/Source/portable/GCC/ARM_CM4F/port.c.obj
LOAD CMakeFiles/RM_Board_A.elf.dir/Middlewares/Third_Party/FreeRTOS/Source/portable/MemMang/heap_4.c.obj
LOAD CMakeFiles/RM_Board_A.elf.dir/Middlewares/Third_Party/FreeRTOS/Source/queue.c.obj
LOAD CMakeFiles/RM_Board_A.elf.dir/Middlewares/Third_Party/FreeRTOS/Source/stream_buffer.c.obj
LOAD CMakeFiles/RM_Board_A.elf.dir/Middlewares/Third_Party/FreeRTOS/Source/tasks.c.obj
LOAD CMakeFiles/RM_Board_A.elf.dir/Middlewares/Third_Party/FreeRTOS/Source/timers.c.obj
LOAD CMakeFiles/RM_Board_A.elf.dir/USB_DEVICE/App/usb_device.c.obj
LOAD CMakeFiles/RM_Board_A.elf.dir/USB_DEVICE/App/usbd_cdc_if.c.obj
LOAD CMakeFiles/RM_Board_A.elf.dir/USB_DEVICE/App/usbd_desc.c.obj
LOAD CMakeFiles/RM_Board_A.elf.dir/USB_DEVICE/Target/usbd_conf.c.obj
START GROUP
LOAD /Applications/ARM/bin/../lib/gcc/arm-none-eabi/10.3.1/thumb/v7e-m+fp/hard/libgcc.a
LOAD /Applications/ARM/bin/../lib/gcc/arm-none-eabi/10.3.1/../../../../arm-none-eabi/lib/thumb/v7e-m+fp/hard/libg.a
LOAD /Applications/ARM/bin/../lib/gcc/arm-none-eabi/10.3.1/../../../../arm-none-eabi/lib/thumb/v7e-m+fp/hard/libc.a
END GROUP
LOAD /Applications/ARM/bin/../lib/gcc/arm-none-eabi/10.3.1/thumb/v7e-m+fp/hard/crtend.o
LOAD /Applications/ARM/bin/../lib/gcc/arm-none-eabi/10.3.1/thumb/v7e-m+fp/hard/crtn.o
                0x0000000020030000                _estack = (ORIGIN (RAM) + LENGTH (RAM))
                0x0000000000000200                _Min_Heap_Size = 0x200
                0x0000000000000400                _Min_Stack_Size = 0x400

.isr_vector     0x0000000008000000      0x1ac
                0x0000000008000000                . = ALIGN (0x4)
 *(.isr_vector)
 .isr_vector    0x0000000008000000      0x1ac CMakeFiles/RM_Board_A.elf.dir/Core/Startup/startup_stm32f427iihx.s.obj
                0x0000000008000000                g_pfnVectors
                0x00000000080001ac                . = ALIGN (0x4)

.text           0x00000000080001c0     0xf520
                0x00000000080001c0                . = ALIGN (0x4)
 *(.text)
 .text          0x00000000080001c0       0x40 /Applications/ARM/bin/../lib/gcc/arm-none-eabi/10.3.1/thumb/v7e-m+fp/hard/crtbegin.o
 .text          0x0000000008000200      0x378 /Applications/ARM/bin/../lib/gcc/arm-none-eabi/10.3.1/thumb/v7e-m+fp/hard/libgcc.a(_arm_addsubdf3.o)
                0x0000000008000200                __aeabi_drsub
                0x0000000008000208                __subdf3
                0x0000000008000208                __aeabi_dsub
                0x000000000800020c                __aeabi_dadd
                0x000000000800020c                __adddf3
                0x0000000008000484                __aeabi_ui2d
                0x0000000008000484                __floatunsidf
                0x00000000080004a4                __floatsidf
                0x00000000080004a4                __aeabi_i2d
                0x00000000080004c8                __extendsfdf2
                0x00000000080004c8                __aeabi_f2d
                0x000000000800050c                __aeabi_ul2d
                0x000000000800050c                __floatundidf
                0x000000000800051c                __aeabi_l2d
                0x000000000800051c                __floatdidf
 .text          0x0000000008000578       0x30 /Applications/ARM/bin/../lib/gcc/arm-none-eabi/10.3.1/thumb/v7e-m+fp/hard/libgcc.a(_aeabi_uldivmod.o)
                0x0000000008000578                __aeabi_uldivmod
 .text          0x00000000080005a8      0x2d0 /Applications/ARM/bin/../lib/gcc/arm-none-eabi/10.3.1/thumb/v7e-m+fp/hard/libgcc.a(_udivmoddi4.o)
                0x00000000080005a8                __udivmoddi4
 .text          0x0000000008000878        0x4 /Applications/ARM/bin/../lib/gcc/arm-none-eabi/10.3.1/thumb/v7e-m+fp/hard/libgcc.a(_dvmd_tls.o)
                0x0000000008000878                __aeabi_ldiv0
                0x0000000008000878                __aeabi_idiv0
 .text          0x000000000800087c      0x134 /Applications/ARM/bin/../lib/gcc/arm-none-eabi/10.3.1/../../../../arm-none-eabi/lib/thumb/v7e-m+fp/hard/libg.a(lib_a-memcpy.o)
                0x000000000800087c                memcpy
 *fill*         0x00000000080009b0       0x10 
 .text          0x00000000080009c0       0xdc /Applications/ARM/bin/../lib/gcc/arm-none-eabi/10.3.1/../../../../arm-none-eabi/lib/thumb/v7e-m+fp/hard/libg.a(lib_a-strlen.o)
                0x00000000080009c0                strlen
 *fill*         0x0000000008000a9c        0x4 
 .text          0x0000000008000aa0       0xa0 /Applications/ARM/bin/../lib/gcc/arm-none-eabi/10.3.1/../../../../arm-none-eabi/lib/thumb/v7e-m+fp/hard/libg.a(lib_a-memchr.o)
                0x0000000008000aa0                memchr
 .text          0x0000000008000b40      0x424 /Applications/ARM/bin/../lib/gcc/arm-none-eabi/10.3.1/thumb/v7e-m+fp/hard/libgcc.a(_arm_muldivdf3.o)
                0x0000000008000b40                __aeabi_dmul
                0x0000000008000b40                __muldf3
                0x0000000008000d94                __aeabi_ddiv
                0x0000000008000d94                __divdf3
 .text          0x0000000008000f64      0x110 /Applications/ARM/bin/../lib/gcc/arm-none-eabi/10.3.1/thumb/v7e-m+fp/hard/libgcc.a(_arm_cmpdf2.o)
                0x0000000008000f64                __gedf2
                0x0000000008000f64                __gtdf2
                0x0000000008000f6c                __ledf2
                0x0000000008000f6c                __ltdf2
                0x0000000008000f74                __cmpdf2
                0x0000000008000f74                __eqdf2
                0x0000000008000f74                __nedf2
                0x0000000008000ff0                __aeabi_cdrcmple
                0x0000000008001000                __aeabi_cdcmple
                0x0000000008001000                __aeabi_cdcmpeq
                0x0000000008001010                __aeabi_dcmpeq
                0x0000000008001024                __aeabi_dcmplt
                0x0000000008001038                __aeabi_dcmple
                0x000000000800104c                __aeabi_dcmpge
                0x0000000008001060                __aeabi_dcmpgt
 .text          0x0000000008001074       0x2c /Applications/ARM/bin/../lib/gcc/arm-none-eabi/10.3.1/thumb/v7e-m+fp/hard/libgcc.a(_arm_unorddf2.o)
                0x0000000008001074                __aeabi_dcmpun
                0x0000000008001074                __unorddf2
 .text          0x00000000080010a0       0x50 /Applications/ARM/bin/../lib/gcc/arm-none-eabi/10.3.1/thumb/v7e-m+fp/hard/libgcc.a(_arm_fixdfsi.o)
                0x00000000080010a0                __fixdfsi
                0x00000000080010a0                __aeabi_d2iz
 *(.text*)
 .text.HAL_CAN_RxFifo0MsgPendingCallback
                0x00000000080010f0       0x84 CMakeFiles/RM_Board_A.elf.dir/Application/Src/CAN_receive.c.obj
                0x00000000080010f0                HAL_CAN_RxFifo0MsgPendingCallback
 .text.GLOBAL_All_Status_Init
                0x0000000008001174        0x2 CMakeFiles/RM_Board_A.elf.dir/Application/Src/GLOBAL_status.c.obj
                0x0000000008001174                GLOBAL_All_Status_Init
 *fill*         0x0000000008001176        0x2 
 .text.LEDs_CTRL_Manually
                0x0000000008001178       0x2c CMakeFiles/RM_Board_A.elf.dir/Application/Src/LEDs_onboard.c.obj
                0x0000000008001178                LEDs_CTRL_Manually
 .text.LEDs_CTRL_Events
                0x00000000080011a4       0x5c CMakeFiles/RM_Board_A.elf.dir/Application/Src/LEDs_onboard.c.obj
                0x00000000080011a4                LEDs_CTRL_Events
 .text.sbus_to_rc
                0x0000000008001200       0xc6 CMakeFiles/RM_Board_A.elf.dir/Application/Src/remote_control.c.obj
 *fill*         0x00000000080012c6        0x2 
 .text.remote_control_init
                0x00000000080012c8       0x14 CMakeFiles/RM_Board_A.elf.dir/Application/Src/remote_control.c.obj
                0x00000000080012c8                remote_control_init
 .text.USART1_IRQHandler_SUB
                0x00000000080012dc       0xe4 CMakeFiles/RM_Board_A.elf.dir/Application/Src/remote_control.c.obj
                0x00000000080012dc                USART1_IRQHandler_SUB
 .text.user_pid_Init
                0x00000000080013c0       0x6c CMakeFiles/RM_Board_A.elf.dir/Application/Src/user_pid.c.obj
                0x00000000080013c0                user_pid_Init
 .text.lcd7735_SPI_MOSI
                0x000000000800142c       0x20 CMakeFiles/RM_Board_A.elf.dir/Bsp/ST7735/st7735.c.obj
 .text.lcd7735_sendCmd
                0x000000000800144c       0x1c CMakeFiles/RM_Board_A.elf.dir/Bsp/ST7735/st7735.c.obj
                0x000000000800144c                lcd7735_sendCmd
 .text.lcd7735_sendData
                0x0000000008001468       0x1c CMakeFiles/RM_Board_A.elf.dir/Bsp/ST7735/st7735.c.obj
                0x0000000008001468                lcd7735_sendData
 .text.ST7735_Init_Command1
                0x0000000008001484      0x108 CMakeFiles/RM_Board_A.elf.dir/Bsp/ST7735/st7735.c.obj
                0x0000000008001484                ST7735_Init_Command1
 .text.ST7735_Init_Command2
                0x000000000800158c       0x40 CMakeFiles/RM_Board_A.elf.dir/Bsp/ST7735/st7735.c.obj
                0x000000000800158c                ST7735_Init_Command2
 .text.ST7735_Init_Command3
                0x00000000080015cc       0xe8 CMakeFiles/RM_Board_A.elf.dir/Bsp/ST7735/st7735.c.obj
                0x00000000080015cc                ST7735_Init_Command3
 .text.ST7735_SetAddressWindow
                0x00000000080016b4       0x4e CMakeFiles/RM_Board_A.elf.dir/Bsp/ST7735/st7735.c.obj
 .text.ST7735_DrawPixel
                0x0000000008001702       0x3c CMakeFiles/RM_Board_A.elf.dir/Bsp/ST7735/st7735.c.obj
                0x0000000008001702                ST7735_DrawPixel
 *fill*         0x000000000800173e        0x2 
 .text.ST7735_FillRectangle
                0x0000000008001740       0x74 CMakeFiles/RM_Board_A.elf.dir/Bsp/ST7735/st7735.c.obj
                0x0000000008001740                ST7735_FillRectangle
 .text.ST7735_DrawCharS
                0x00000000080017b4       0xd8 CMakeFiles/RM_Board_A.elf.dir/Bsp/ST7735/st7735.c.obj
                0x00000000080017b4                ST7735_DrawCharS
 .text.ST7735_DrawString
                0x000000000800188c       0x56 CMakeFiles/RM_Board_A.elf.dir/Bsp/ST7735/st7735.c.obj
                0x000000000800188c                ST7735_DrawString
 .text.ST7735_DrawInt
                0x00000000080018e2       0x32 CMakeFiles/RM_Board_A.elf.dir/Bsp/ST7735/st7735.c.obj
                0x00000000080018e2                ST7735_DrawInt
 .text.ST7735_FillScreen
                0x0000000008001914       0x18 CMakeFiles/RM_Board_A.elf.dir/Bsp/ST7735/st7735.c.obj
                0x0000000008001914                ST7735_FillScreen
 .text.ST7735_Init_Command_User
                0x000000000800192c       0x28 CMakeFiles/RM_Board_A.elf.dir/Bsp/ST7735/st7735.c.obj
                0x000000000800192c                ST7735_Init_Command_User
 .text.ST7735_Init
                0x0000000008001954       0x3c CMakeFiles/RM_Board_A.elf.dir/Bsp/ST7735/st7735.c.obj
                0x0000000008001954                ST7735_Init
 .text.reverse  0x0000000008001990       0x1c CMakeFiles/RM_Board_A.elf.dir/Bsp/ST7735/support.c.obj
                0x0000000008001990                reverse
 .text.int2Str  0x00000000080019ac       0x4c CMakeFiles/RM_Board_A.elf.dir/Bsp/ST7735/support.c.obj
                0x00000000080019ac                int2Str
 .text.can_filter_init
                0x00000000080019f8       0x3c CMakeFiles/RM_Board_A.elf.dir/Bsp/bsp_can.c.obj
                0x00000000080019f8                can_filter_init
 .text.RC_init  0x0000000008001a34       0x68 CMakeFiles/RM_Board_A.elf.dir/Bsp/bsp_rc.c.obj
                0x0000000008001a34                RC_init
 .text.PID_init
                0x0000000008001a9c       0x36 CMakeFiles/RM_Board_A.elf.dir/Bsp/pid.c.obj
                0x0000000008001a9c                PID_init
 *fill*         0x0000000008001ad2        0x2 
 .text.MX_ADC1_Init
                0x0000000008001ad4       0x70 CMakeFiles/RM_Board_A.elf.dir/Core/Src/adc.c.obj
                0x0000000008001ad4                MX_ADC1_Init
 .text.HAL_ADC_MspInit
                0x0000000008001b44       0x78 CMakeFiles/RM_Board_A.elf.dir/Core/Src/adc.c.obj
                0x0000000008001b44                HAL_ADC_MspInit
 .text.MX_CAN1_Init
                0x0000000008001bbc       0x40 CMakeFiles/RM_Board_A.elf.dir/Core/Src/can.c.obj
                0x0000000008001bbc                MX_CAN1_Init
 .text.HAL_CAN_MspInit
                0x0000000008001bfc       0x7c CMakeFiles/RM_Board_A.elf.dir/Core/Src/can.c.obj
                0x0000000008001bfc                HAL_CAN_MspInit
 .text.MX_DMA_Init
                0x0000000008001c78       0x34 CMakeFiles/RM_Board_A.elf.dir/Core/Src/dma.c.obj
                0x0000000008001c78                MX_DMA_Init
 .text.Task_OLED_Display
                0x0000000008001cac        0xc CMakeFiles/RM_Board_A.elf.dir/Core/Src/freertos.c.obj
                0x0000000008001cac                Task_OLED_Display
 .text.Task_Buzzer_Annoying
                0x0000000008001cb8        0xc CMakeFiles/RM_Board_A.elf.dir/Core/Src/freertos.c.obj
                0x0000000008001cb8                Task_Buzzer_Annoying
 .text.Task_LED_Blink
                0x0000000008001cc4       0x1a CMakeFiles/RM_Board_A.elf.dir/Core/Src/freertos.c.obj
                0x0000000008001cc4                Task_LED_Blink
 .text.configureTimerForRunTimeStats
                0x0000000008001cde        0x2 CMakeFiles/RM_Board_A.elf.dir/Core/Src/freertos.c.obj
                0x0000000008001cde                configureTimerForRunTimeStats
 .text.getRunTimeCounterValue
                0x0000000008001ce0        0x4 CMakeFiles/RM_Board_A.elf.dir/Core/Src/freertos.c.obj
                0x0000000008001ce0                getRunTimeCounterValue
 .text.MX_FREERTOS_Init
                0x0000000008001ce4       0x54 CMakeFiles/RM_Board_A.elf.dir/Core/Src/freertos.c.obj
                0x0000000008001ce4                MX_FREERTOS_Init
 .text.MX_GPIO_Init
                0x0000000008001d38      0x108 CMakeFiles/RM_Board_A.elf.dir/Core/Src/gpio.c.obj
                0x0000000008001d38                MX_GPIO_Init
 .text.HAL_TIM_PeriodElapsedCallback
                0x0000000008001e40       0x18 CMakeFiles/RM_Board_A.elf.dir/Core/Src/main.c.obj
                0x0000000008001e40                HAL_TIM_PeriodElapsedCallback
 .text.Error_Handler
                0x0000000008001e58        0x4 CMakeFiles/RM_Board_A.elf.dir/Core/Src/main.c.obj
                0x0000000008001e58                Error_Handler
 .text.SystemClock_Config
                0x0000000008001e5c       0xac CMakeFiles/RM_Board_A.elf.dir/Core/Src/main.c.obj
                0x0000000008001e5c                SystemClock_Config
 .text.main     0x0000000008001f08       0x48 CMakeFiles/RM_Board_A.elf.dir/Core/Src/main.c.obj
                0x0000000008001f08                main
 .text.MX_SPI1_Init
                0x0000000008001f50       0x44 CMakeFiles/RM_Board_A.elf.dir/Core/Src/spi.c.obj
                0x0000000008001f50                MX_SPI1_Init
 .text.HAL_SPI_MspInit
                0x0000000008001f94       0x98 CMakeFiles/RM_Board_A.elf.dir/Core/Src/spi.c.obj
                0x0000000008001f94                HAL_SPI_MspInit
 .text.HAL_MspInit
                0x000000000800202c       0x44 CMakeFiles/RM_Board_A.elf.dir/Core/Src/stm32f4xx_hal_msp.c.obj
                0x000000000800202c                HAL_MspInit
 .text.HAL_InitTick
                0x0000000008002070       0x98 CMakeFiles/RM_Board_A.elf.dir/Core/Src/stm32f4xx_hal_timebase_tim.c.obj
                0x0000000008002070                HAL_InitTick
 .text.NMI_Handler
                0x0000000008002108        0x8 CMakeFiles/RM_Board_A.elf.dir/Core/Src/stm32f4xx_it.c.obj
                0x0000000008002108                NMI_Handler
 .text.HardFault_Handler
                0x0000000008002110        0x2 CMakeFiles/RM_Board_A.elf.dir/Core/Src/stm32f4xx_it.c.obj
                0x0000000008002110                HardFault_Handler
 .text.MemManage_Handler
                0x0000000008002112        0x2 CMakeFiles/RM_Board_A.elf.dir/Core/Src/stm32f4xx_it.c.obj
                0x0000000008002112                MemManage_Handler
 .text.BusFault_Handler
                0x0000000008002114        0x2 CMakeFiles/RM_Board_A.elf.dir/Core/Src/stm32f4xx_it.c.obj
                0x0000000008002114                BusFault_Handler
 .text.UsageFault_Handler
                0x0000000008002116        0x2 CMakeFiles/RM_Board_A.elf.dir/Core/Src/stm32f4xx_it.c.obj
                0x0000000008002116                UsageFault_Handler
 .text.DebugMon_Handler
                0x0000000008002118        0x2 CMakeFiles/RM_Board_A.elf.dir/Core/Src/stm32f4xx_it.c.obj
                0x0000000008002118                DebugMon_Handler
 *fill*         0x000000000800211a        0x2 
 .text.ADC_IRQHandler
                0x000000000800211c       0x10 CMakeFiles/RM_Board_A.elf.dir/Core/Src/stm32f4xx_it.c.obj
                0x000000000800211c                ADC_IRQHandler
 .text.CAN1_RX0_IRQHandler
                0x000000000800212c       0x10 CMakeFiles/RM_Board_A.elf.dir/Core/Src/stm32f4xx_it.c.obj
                0x000000000800212c                CAN1_RX0_IRQHandler
 .text.TIM1_UP_TIM10_IRQHandler
                0x000000000800213c       0x10 CMakeFiles/RM_Board_A.elf.dir/Core/Src/stm32f4xx_it.c.obj
                0x000000000800213c                TIM1_UP_TIM10_IRQHandler
 .text.USART1_IRQHandler
                0x000000000800214c        0x8 CMakeFiles/RM_Board_A.elf.dir/Core/Src/stm32f4xx_it.c.obj
                0x000000000800214c                USART1_IRQHandler
 .text.DMA2_Stream2_IRQHandler
                0x0000000008002154       0x10 CMakeFiles/RM_Board_A.elf.dir/Core/Src/stm32f4xx_it.c.obj
                0x0000000008002154                DMA2_Stream2_IRQHandler
 .text.OTG_FS_IRQHandler
                0x0000000008002164       0x10 CMakeFiles/RM_Board_A.elf.dir/Core/Src/stm32f4xx_it.c.obj
                0x0000000008002164                OTG_FS_IRQHandler
 .text._getpid  0x0000000008002174        0x4 CMakeFiles/RM_Board_A.elf.dir/Core/Src/syscalls.c.obj
                0x0000000008002174                _getpid
 .text._kill    0x0000000008002178       0x10 CMakeFiles/RM_Board_A.elf.dir/Core/Src/syscalls.c.obj
                0x0000000008002178                _kill
 .text._exit    0x0000000008002188        0xc CMakeFiles/RM_Board_A.elf.dir/Core/Src/syscalls.c.obj
                0x0000000008002188                _exit
 .text._read    0x0000000008002194       0x20 CMakeFiles/RM_Board_A.elf.dir/Core/Src/syscalls.c.obj
                0x0000000008002194                _read
 .text._write   0x00000000080021b4       0x1c CMakeFiles/RM_Board_A.elf.dir/Core/Src/syscalls.c.obj
                0x00000000080021b4                _write
 .text._close   0x00000000080021d0        0x6 CMakeFiles/RM_Board_A.elf.dir/Core/Src/syscalls.c.obj
                0x00000000080021d0                _close
 .text._fstat   0x00000000080021d6        0xa CMakeFiles/RM_Board_A.elf.dir/Core/Src/syscalls.c.obj
                0x00000000080021d6                _fstat
 .text._isatty  0x00000000080021e0        0x4 CMakeFiles/RM_Board_A.elf.dir/Core/Src/syscalls.c.obj
                0x00000000080021e0                _isatty
 .text._lseek   0x00000000080021e4        0x4 CMakeFiles/RM_Board_A.elf.dir/Core/Src/syscalls.c.obj
                0x00000000080021e4                _lseek
 .text._sbrk    0x00000000080021e8       0x48 CMakeFiles/RM_Board_A.elf.dir/Core/Src/sysmem.c.obj
                0x00000000080021e8                _sbrk
 .text.SystemInit
                0x0000000008002230       0x14 CMakeFiles/RM_Board_A.elf.dir/Core/Src/system_stm32f4xx.c.obj
                0x0000000008002230                SystemInit
 .text.HAL_TIM_Base_MspInit
                0x0000000008002244       0x30 CMakeFiles/RM_Board_A.elf.dir/Core/Src/tim.c.obj
                0x0000000008002244                HAL_TIM_Base_MspInit
 .text.HAL_TIM_MspPostInit
                0x0000000008002274       0x58 CMakeFiles/RM_Board_A.elf.dir/Core/Src/tim.c.obj
                0x0000000008002274                HAL_TIM_MspPostInit
 .text.MX_TIM12_Init
                0x00000000080022cc       0x90 CMakeFiles/RM_Board_A.elf.dir/Core/Src/tim.c.obj
                0x00000000080022cc                MX_TIM12_Init
 .text.MX_USART1_UART_Init
                0x000000000800235c       0x3c CMakeFiles/RM_Board_A.elf.dir/Core/Src/usart.c.obj
                0x000000000800235c                MX_USART1_UART_Init
 .text.HAL_UART_MspInit
                0x0000000008002398       0xf0 CMakeFiles/RM_Board_A.elf.dir/Core/Src/usart.c.obj
                0x0000000008002398                HAL_UART_MspInit
 .text.Reset_Handler
                0x0000000008002488       0x50 CMakeFiles/RM_Board_A.elf.dir/Core/Startup/startup_stm32f427iihx.s.obj
                0x0000000008002488                Reset_Handler
 .text.Default_Handler
                0x00000000080024d8        0x2 CMakeFiles/RM_Board_A.elf.dir/Core/Startup/startup_stm32f427iihx.s.obj
                0x00000000080024d8                DMA1_Stream3_IRQHandler
                0x00000000080024d8                HASH_RNG_IRQHandler
                0x00000000080024d8                EXTI2_IRQHandler
                0x00000000080024d8                TIM8_CC_IRQHandler
                0x00000000080024d8                UART8_IRQHandler
                0x00000000080024d8                SPI4_IRQHandler
                0x00000000080024d8                TIM1_CC_IRQHandler
                0x00000000080024d8                DMA2_Stream5_IRQHandler
                0x00000000080024d8                DMA1_Stream5_IRQHandler
                0x00000000080024d8                PVD_IRQHandler
                0x00000000080024d8                SDIO_IRQHandler
                0x00000000080024d8                TAMP_STAMP_IRQHandler
                0x00000000080024d8                CAN2_RX1_IRQHandler
                0x00000000080024d8                EXTI3_IRQHandler
                0x00000000080024d8                TIM8_TRG_COM_TIM14_IRQHandler
                0x00000000080024d8                TIM8_UP_TIM13_IRQHandler
                0x00000000080024d8                I2C3_ER_IRQHandler
                0x00000000080024d8                EXTI0_IRQHandler
                0x00000000080024d8                I2C2_EV_IRQHandler
                0x00000000080024d8                DMA1_Stream2_IRQHandler
                0x00000000080024d8                FPU_IRQHandler
                0x00000000080024d8                OTG_HS_WKUP_IRQHandler
                0x00000000080024d8                CAN2_SCE_IRQHandler
                0x00000000080024d8                SPI1_IRQHandler
                0x00000000080024d8                TIM6_DAC_IRQHandler
                0x00000000080024d8                TIM1_BRK_TIM9_IRQHandler
                0x00000000080024d8                DCMI_IRQHandler
                0x00000000080024d8                CAN2_RX0_IRQHandler
                0x00000000080024d8                DMA2_Stream3_IRQHandler
                0x00000000080024d8                USART6_IRQHandler
                0x00000000080024d8                USART3_IRQHandler
                0x00000000080024d8                CAN1_RX1_IRQHandler
                0x00000000080024d8                UART5_IRQHandler
                0x00000000080024d8                DMA2_Stream0_IRQHandler
                0x00000000080024d8                TIM4_IRQHandler
                0x00000000080024d8                I2C1_EV_IRQHandler
                0x00000000080024d8                DMA1_Stream6_IRQHandler
                0x00000000080024d8                DMA1_Stream1_IRQHandler
                0x00000000080024d8                UART4_IRQHandler
                0x00000000080024d8                TIM3_IRQHandler
                0x00000000080024d8                RCC_IRQHandler
                0x00000000080024d8                TIM8_BRK_TIM12_IRQHandler
                0x00000000080024d8                Default_Handler
                0x00000000080024d8                EXTI15_10_IRQHandler
                0x00000000080024d8                DMA1_Stream7_IRQHandler
                0x00000000080024d8                SPI5_IRQHandler
                0x00000000080024d8                TIM7_IRQHandler
                0x00000000080024d8                CAN2_TX_IRQHandler
                0x00000000080024d8                TIM5_IRQHandler
                0x00000000080024d8                DMA2_Stream7_IRQHandler
                0x00000000080024d8                I2C3_EV_IRQHandler
                0x00000000080024d8                EXTI9_5_IRQHandler
                0x00000000080024d8                RTC_WKUP_IRQHandler
                0x00000000080024d8                ETH_WKUP_IRQHandler
                0x00000000080024d8                SPI2_IRQHandler
                0x00000000080024d8                OTG_HS_EP1_IN_IRQHandler
                0x00000000080024d8                DMA1_Stream0_IRQHandler
                0x00000000080024d8                CAN1_TX_IRQHandler
                0x00000000080024d8                EXTI4_IRQHandler
                0x00000000080024d8                ETH_IRQHandler
                0x00000000080024d8                OTG_HS_EP1_OUT_IRQHandler
                0x00000000080024d8                WWDG_IRQHandler
                0x00000000080024d8                SPI6_IRQHandler
                0x00000000080024d8                TIM2_IRQHandler
                0x00000000080024d8                OTG_FS_WKUP_IRQHandler
                0x00000000080024d8                TIM1_TRG_COM_TIM11_IRQHandler
                0x00000000080024d8                OTG_HS_IRQHandler
                0x00000000080024d8                DMA2D_IRQHandler
                0x00000000080024d8                EXTI1_IRQHandler
                0x00000000080024d8                UART7_IRQHandler
                0x00000000080024d8                USART2_IRQHandler
                0x00000000080024d8                I2C2_ER_IRQHandler
                0x00000000080024d8                DMA2_Stream1_IRQHandler
                0x00000000080024d8                CAN1_SCE_IRQHandler
                0x00000000080024d8                FLASH_IRQHandler
                0x00000000080024d8                DMA2_Stream4_IRQHandler
                0x00000000080024d8                SPI3_IRQHandler
                0x00000000080024d8                DMA1_Stream4_IRQHandler
                0x00000000080024d8                I2C1_ER_IRQHandler
                0x00000000080024d8                FMC_IRQHandler
                0x00000000080024d8                DMA2_Stream6_IRQHandler
                0x00000000080024d8                SAI1_IRQHandler
                0x00000000080024d8                RTC_Alarm_IRQHandler
 *fill*         0x00000000080024da        0x2 
 .text.HAL_Init
                0x00000000080024dc       0x34 CMakeFiles/RM_Board_A.elf.dir/Drivers/STM32F4xx_HAL_Driver/Src/stm32f4xx_hal.c.obj
                0x00000000080024dc                HAL_Init
 .text.HAL_IncTick
                0x0000000008002510       0x18 CMakeFiles/RM_Board_A.elf.dir/Drivers/STM32F4xx_HAL_Driver/Src/stm32f4xx_hal.c.obj
                0x0000000008002510                HAL_IncTick
 .text.HAL_GetTick
                0x0000000008002528        0xc CMakeFiles/RM_Board_A.elf.dir/Drivers/STM32F4xx_HAL_Driver/Src/stm32f4xx_hal.c.obj
                0x0000000008002528                HAL_GetTick
 .text.HAL_Delay
                0x0000000008002534       0x28 CMakeFiles/RM_Board_A.elf.dir/Drivers/STM32F4xx_HAL_Driver/Src/stm32f4xx_hal.c.obj
                0x0000000008002534                HAL_Delay
 .text.ADC_Init
                0x000000000800255c      0x134 CMakeFiles/RM_Board_A.elf.dir/Drivers/STM32F4xx_HAL_Driver/Src/stm32f4xx_hal_adc.c.obj
 .text.HAL_ADC_Init
                0x0000000008002690       0x56 CMakeFiles/RM_Board_A.elf.dir/Drivers/STM32F4xx_HAL_Driver/Src/stm32f4xx_hal_adc.c.obj
                0x0000000008002690                HAL_ADC_Init
 .text.HAL_ADC_ConvCpltCallback
                0x00000000080026e6        0x2 CMakeFiles/RM_Board_A.elf.dir/Drivers/STM32F4xx_HAL_Driver/Src/stm32f4xx_hal_adc.c.obj
                0x00000000080026e6                HAL_ADC_ConvCpltCallback
 .text.HAL_ADC_LevelOutOfWindowCallback
                0x00000000080026e8        0x2 CMakeFiles/RM_Board_A.elf.dir/Drivers/STM32F4xx_HAL_Driver/Src/stm32f4xx_hal_adc.c.obj
                0x00000000080026e8                HAL_ADC_LevelOutOfWindowCallback
 .text.HAL_ADC_ErrorCallback
                0x00000000080026ea        0x2 CMakeFiles/RM_Board_A.elf.dir/Drivers/STM32F4xx_HAL_Driver/Src/stm32f4xx_hal_adc.c.obj
                0x00000000080026ea                HAL_ADC_ErrorCallback
 .text.HAL_ADC_IRQHandler
                0x00000000080026ec      0x142 CMakeFiles/RM_Board_A.elf.dir/Drivers/STM32F4xx_HAL_Driver/Src/stm32f4xx_hal_adc.c.obj
                0x00000000080026ec                HAL_ADC_IRQHandler
 *fill*         0x000000000800282e        0x2 
 .text.HAL_ADC_ConfigChannel
                0x0000000008002830      0x1ac CMakeFiles/RM_Board_A.elf.dir/Drivers/STM32F4xx_HAL_Driver/Src/stm32f4xx_hal_adc.c.obj
                0x0000000008002830                HAL_ADC_ConfigChannel
 .text.HAL_ADCEx_InjectedConvCpltCallback
                0x00000000080029dc        0x2 CMakeFiles/RM_Board_A.elf.dir/Drivers/STM32F4xx_HAL_Driver/Src/stm32f4xx_hal_adc_ex.c.obj
                0x00000000080029dc                HAL_ADCEx_InjectedConvCpltCallback
 .text.HAL_CAN_Init
                0x00000000080029de      0x14c CMakeFiles/RM_Board_A.elf.dir/Drivers/STM32F4xx_HAL_Driver/Src/stm32f4xx_hal_can.c.obj
                0x00000000080029de                HAL_CAN_Init
 *fill*         0x0000000008002b2a        0x2 
 .text.HAL_CAN_ConfigFilter
                0x0000000008002b2c      0x138 CMakeFiles/RM_Board_A.elf.dir/Drivers/STM32F4xx_HAL_Driver/Src/stm32f4xx_hal_can.c.obj
                0x0000000008002b2c                HAL_CAN_ConfigFilter
 .text.HAL_CAN_Start
                0x0000000008002c64       0x5c CMakeFiles/RM_Board_A.elf.dir/Drivers/STM32F4xx_HAL_Driver/Src/stm32f4xx_hal_can.c.obj
                0x0000000008002c64                HAL_CAN_Start
 .text.HAL_CAN_GetRxMessage
                0x0000000008002cc0      0x14a CMakeFiles/RM_Board_A.elf.dir/Drivers/STM32F4xx_HAL_Driver/Src/stm32f4xx_hal_can.c.obj
                0x0000000008002cc0                HAL_CAN_GetRxMessage
 .text.HAL_CAN_ActivateNotification
                0x0000000008002e0a       0x24 CMakeFiles/RM_Board_A.elf.dir/Drivers/STM32F4xx_HAL_Driver/Src/stm32f4xx_hal_can.c.obj
                0x0000000008002e0a                HAL_CAN_ActivateNotification
 .text.HAL_CAN_TxMailbox0CompleteCallback
                0x0000000008002e2e        0x2 CMakeFiles/RM_Board_A.elf.dir/Drivers/STM32F4xx_HAL_Driver/Src/stm32f4xx_hal_can.c.obj
                0x0000000008002e2e                HAL_CAN_TxMailbox0CompleteCallback
 .text.HAL_CAN_TxMailbox1CompleteCallback
                0x0000000008002e30        0x2 CMakeFiles/RM_Board_A.elf.dir/Drivers/STM32F4xx_HAL_Driver/Src/stm32f4xx_hal_can.c.obj
                0x0000000008002e30                HAL_CAN_TxMailbox1CompleteCallback
 .text.HAL_CAN_TxMailbox2CompleteCallback
                0x0000000008002e32        0x2 CMakeFiles/RM_Board_A.elf.dir/Drivers/STM32F4xx_HAL_Driver/Src/stm32f4xx_hal_can.c.obj
                0x0000000008002e32                HAL_CAN_TxMailbox2CompleteCallback
 .text.HAL_CAN_TxMailbox0AbortCallback
                0x0000000008002e34        0x2 CMakeFiles/RM_Board_A.elf.dir/Drivers/STM32F4xx_HAL_Driver/Src/stm32f4xx_hal_can.c.obj
                0x0000000008002e34                HAL_CAN_TxMailbox0AbortCallback
 .text.HAL_CAN_TxMailbox1AbortCallback
                0x0000000008002e36        0x2 CMakeFiles/RM_Board_A.elf.dir/Drivers/STM32F4xx_HAL_Driver/Src/stm32f4xx_hal_can.c.obj
                0x0000000008002e36                HAL_CAN_TxMailbox1AbortCallback
 .text.HAL_CAN_TxMailbox2AbortCallback
                0x0000000008002e38        0x2 CMakeFiles/RM_Board_A.elf.dir/Drivers/STM32F4xx_HAL_Driver/Src/stm32f4xx_hal_can.c.obj
                0x0000000008002e38                HAL_CAN_TxMailbox2AbortCallback
 .text.HAL_CAN_RxFifo0FullCallback
                0x0000000008002e3a        0x2 CMakeFiles/RM_Board_A.elf.dir/Drivers/STM32F4xx_HAL_Driver/Src/stm32f4xx_hal_can.c.obj
                0x0000000008002e3a                HAL_CAN_RxFifo0FullCallback
 .text.HAL_CAN_RxFifo1MsgPendingCallback
                0x0000000008002e3c        0x2 CMakeFiles/RM_Board_A.elf.dir/Drivers/STM32F4xx_HAL_Driver/Src/stm32f4xx_hal_can.c.obj
                0x0000000008002e3c                HAL_CAN_RxFifo1MsgPendingCallback
 .text.HAL_CAN_RxFifo1FullCallback
                0x0000000008002e3e        0x2 CMakeFiles/RM_Board_A.elf.dir/Drivers/STM32F4xx_HAL_Driver/Src/stm32f4xx_hal_can.c.obj
                0x0000000008002e3e                HAL_CAN_RxFifo1FullCallback
 .text.HAL_CAN_SleepCallback
                0x0000000008002e40        0x2 CMakeFiles/RM_Board_A.elf.dir/Drivers/STM32F4xx_HAL_Driver/Src/stm32f4xx_hal_can.c.obj
                0x0000000008002e40                HAL_CAN_SleepCallback
 .text.HAL_CAN_WakeUpFromRxMsgCallback
                0x0000000008002e42        0x2 CMakeFiles/RM_Board_A.elf.dir/Drivers/STM32F4xx_HAL_Driver/Src/stm32f4xx_hal_can.c.obj
                0x0000000008002e42                HAL_CAN_WakeUpFromRxMsgCallback
 .text.HAL_CAN_ErrorCallback
                0x0000000008002e44        0x2 CMakeFiles/RM_Board_A.elf.dir/Drivers/STM32F4xx_HAL_Driver/Src/stm32f4xx_hal_can.c.obj
                0x0000000008002e44                HAL_CAN_ErrorCallback
 .text.HAL_CAN_IRQHandler
                0x0000000008002e46      0x24a CMakeFiles/RM_Board_A.elf.dir/Drivers/STM32F4xx_HAL_Driver/Src/stm32f4xx_hal_can.c.obj
                0x0000000008002e46                HAL_CAN_IRQHandler
 .text.HAL_NVIC_SetPriorityGrouping
                0x0000000008003090       0x24 CMakeFiles/RM_Board_A.elf.dir/Drivers/STM32F4xx_HAL_Driver/Src/stm32f4xx_hal_cortex.c.obj
                0x0000000008003090                HAL_NVIC_SetPriorityGrouping
 .text.HAL_NVIC_SetPriority
                0x00000000080030b4       0x70 CMakeFiles/RM_Board_A.elf.dir/Drivers/STM32F4xx_HAL_Driver/Src/stm32f4xx_hal_cortex.c.obj
                0x00000000080030b4                HAL_NVIC_SetPriority
 .text.HAL_NVIC_EnableIRQ
                0x0000000008003124       0x1c CMakeFiles/RM_Board_A.elf.dir/Drivers/STM32F4xx_HAL_Driver/Src/stm32f4xx_hal_cortex.c.obj
                0x0000000008003124                HAL_NVIC_EnableIRQ
 .text.DMA_CalcBaseAndBitshift
                0x0000000008003140       0x44 CMakeFiles/RM_Board_A.elf.dir/Drivers/STM32F4xx_HAL_Driver/Src/stm32f4xx_hal_dma.c.obj
 .text.DMA_CheckFifoParam
                0x0000000008003184       0x8e CMakeFiles/RM_Board_A.elf.dir/Drivers/STM32F4xx_HAL_Driver/Src/stm32f4xx_hal_dma.c.obj
 *fill*         0x0000000008003212        0x2 
 .text.HAL_DMA_Init
                0x0000000008003214       0xcc CMakeFiles/RM_Board_A.elf.dir/Drivers/STM32F4xx_HAL_Driver/Src/stm32f4xx_hal_dma.c.obj
                0x0000000008003214                HAL_DMA_Init
 .text.HAL_DMA_IRQHandler
                0x00000000080032e0      0x1dc CMakeFiles/RM_Board_A.elf.dir/Drivers/STM32F4xx_HAL_Driver/Src/stm32f4xx_hal_dma.c.obj
                0x00000000080032e0                HAL_DMA_IRQHandler
 .text.HAL_GPIO_Init
                0x00000000080034bc      0x1fc CMakeFiles/RM_Board_A.elf.dir/Drivers/STM32F4xx_HAL_Driver/Src/stm32f4xx_hal_gpio.c.obj
                0x00000000080034bc                HAL_GPIO_Init
 .text.HAL_GPIO_WritePin
                0x00000000080036b8        0xc CMakeFiles/RM_Board_A.elf.dir/Drivers/STM32F4xx_HAL_Driver/Src/stm32f4xx_hal_gpio.c.obj
                0x00000000080036b8                HAL_GPIO_WritePin
 .text.HAL_GPIO_TogglePin
                0x00000000080036c4       0x12 CMakeFiles/RM_Board_A.elf.dir/Drivers/STM32F4xx_HAL_Driver/Src/stm32f4xx_hal_gpio.c.obj
                0x00000000080036c4                HAL_GPIO_TogglePin
 .text.PCD_WriteEmptyTxFifo
                0x00000000080036d6       0xd0 CMakeFiles/RM_Board_A.elf.dir/Drivers/STM32F4xx_HAL_Driver/Src/stm32f4xx_hal_pcd.c.obj
 .text.HAL_PCD_Init
                0x00000000080037a6      0x12e CMakeFiles/RM_Board_A.elf.dir/Drivers/STM32F4xx_HAL_Driver/Src/stm32f4xx_hal_pcd.c.obj
                0x00000000080037a6                HAL_PCD_Init
 .text.HAL_PCD_Start
                0x00000000080038d4       0x42 CMakeFiles/RM_Board_A.elf.dir/Drivers/STM32F4xx_HAL_Driver/Src/stm32f4xx_hal_pcd.c.obj
                0x00000000080038d4                HAL_PCD_Start
 *fill*         0x0000000008003916        0x2 
 .text.PCD_EP_OutXfrComplete_int
                0x0000000008003918      0x104 CMakeFiles/RM_Board_A.elf.dir/Drivers/STM32F4xx_HAL_Driver/Src/stm32f4xx_hal_pcd.c.obj
 .text.PCD_EP_OutSetupPacket_int
                0x0000000008003a1c       0x50 CMakeFiles/RM_Board_A.elf.dir/Drivers/STM32F4xx_HAL_Driver/Src/stm32f4xx_hal_pcd.c.obj
 .text.HAL_PCD_SetAddress
                0x0000000008003a6c       0x28 CMakeFiles/RM_Board_A.elf.dir/Drivers/STM32F4xx_HAL_Driver/Src/stm32f4xx_hal_pcd.c.obj
                0x0000000008003a6c                HAL_PCD_SetAddress
 .text.HAL_PCD_EP_Open
                0x0000000008003a94       0x8a CMakeFiles/RM_Board_A.elf.dir/Drivers/STM32F4xx_HAL_Driver/Src/stm32f4xx_hal_pcd.c.obj
                0x0000000008003a94                HAL_PCD_EP_Open
 .text.HAL_PCD_EP_Close
                0x0000000008003b1e       0x72 CMakeFiles/RM_Board_A.elf.dir/Drivers/STM32F4xx_HAL_Driver/Src/stm32f4xx_hal_pcd.c.obj
                0x0000000008003b1e                HAL_PCD_EP_Close
 .text.HAL_PCD_EP_Receive
                0x0000000008003b90       0x5e CMakeFiles/RM_Board_A.elf.dir/Drivers/STM32F4xx_HAL_Driver/Src/stm32f4xx_hal_pcd.c.obj
                0x0000000008003b90                HAL_PCD_EP_Receive
 .text.HAL_PCD_EP_GetRxCount
                0x0000000008003bee       0x12 CMakeFiles/RM_Board_A.elf.dir/Drivers/STM32F4xx_HAL_Driver/Src/stm32f4xx_hal_pcd.c.obj
                0x0000000008003bee                HAL_PCD_EP_GetRxCount
 .text.HAL_PCD_EP_Transmit
                0x0000000008003c00       0x5e CMakeFiles/RM_Board_A.elf.dir/Drivers/STM32F4xx_HAL_Driver/Src/stm32f4xx_hal_pcd.c.obj
                0x0000000008003c00                HAL_PCD_EP_Transmit
 .text.HAL_PCD_EP_SetStall
                0x0000000008003c5e       0x88 CMakeFiles/RM_Board_A.elf.dir/Drivers/STM32F4xx_HAL_Driver/Src/stm32f4xx_hal_pcd.c.obj
                0x0000000008003c5e                HAL_PCD_EP_SetStall
 .text.HAL_PCD_EP_ClrStall
                0x0000000008003ce6       0x76 CMakeFiles/RM_Board_A.elf.dir/Drivers/STM32F4xx_HAL_Driver/Src/stm32f4xx_hal_pcd.c.obj
                0x0000000008003ce6                HAL_PCD_EP_ClrStall
 .text.HAL_PCD_EP_Abort
                0x0000000008003d5c       0x34 CMakeFiles/RM_Board_A.elf.dir/Drivers/STM32F4xx_HAL_Driver/Src/stm32f4xx_hal_pcd.c.obj
                0x0000000008003d5c                HAL_PCD_EP_Abort
 .text.HAL_PCD_IRQHandler
                0x0000000008003d90      0x5c4 CMakeFiles/RM_Board_A.elf.dir/Drivers/STM32F4xx_HAL_Driver/Src/stm32f4xx_hal_pcd.c.obj
                0x0000000008003d90                HAL_PCD_IRQHandler
 .text.HAL_PCDEx_SetTxFiFo
                0x0000000008004354       0x4c CMakeFiles/RM_Board_A.elf.dir/Drivers/STM32F4xx_HAL_Driver/Src/stm32f4xx_hal_pcd_ex.c.obj
                0x0000000008004354                HAL_PCDEx_SetTxFiFo
 .text.HAL_PCDEx_SetRxFiFo
                0x00000000080043a0        0x8 CMakeFiles/RM_Board_A.elf.dir/Drivers/STM32F4xx_HAL_Driver/Src/stm32f4xx_hal_pcd_ex.c.obj
                0x00000000080043a0                HAL_PCDEx_SetRxFiFo
 .text.HAL_PCDEx_LPM_Callback
                0x00000000080043a8        0x2 CMakeFiles/RM_Board_A.elf.dir/Drivers/STM32F4xx_HAL_Driver/Src/stm32f4xx_hal_pcd_ex.c.obj
                0x00000000080043a8                HAL_PCDEx_LPM_Callback
 *fill*         0x00000000080043aa        0x2 
 .text.HAL_RCC_OscConfig
                0x00000000080043ac      0x3f8 CMakeFiles/RM_Board_A.elf.dir/Drivers/STM32F4xx_HAL_Driver/Src/stm32f4xx_hal_rcc.c.obj
                0x00000000080043ac                HAL_RCC_OscConfig
 .text.HAL_RCC_EnableCSS
                0x00000000080047a4        0xc CMakeFiles/RM_Board_A.elf.dir/Drivers/STM32F4xx_HAL_Driver/Src/stm32f4xx_hal_rcc.c.obj
                0x00000000080047a4                HAL_RCC_EnableCSS
 .text.HAL_RCC_GetSysClockFreq
                0x00000000080047b0       0xa4 CMakeFiles/RM_Board_A.elf.dir/Drivers/STM32F4xx_HAL_Driver/Src/stm32f4xx_hal_rcc.c.obj
                0x00000000080047b0                HAL_RCC_GetSysClockFreq
 .text.HAL_RCC_ClockConfig
                0x0000000008004854      0x160 CMakeFiles/RM_Board_A.elf.dir/Drivers/STM32F4xx_HAL_Driver/Src/stm32f4xx_hal_rcc.c.obj
                0x0000000008004854                HAL_RCC_ClockConfig
 .text.HAL_RCC_GetHCLKFreq
                0x00000000080049b4        0xc CMakeFiles/RM_Board_A.elf.dir/Drivers/STM32F4xx_HAL_Driver/Src/stm32f4xx_hal_rcc.c.obj
                0x00000000080049b4                HAL_RCC_GetHCLKFreq
 .text.HAL_RCC_GetPCLK1Freq
                0x00000000080049c0       0x20 CMakeFiles/RM_Board_A.elf.dir/Drivers/STM32F4xx_HAL_Driver/Src/stm32f4xx_hal_rcc.c.obj
                0x00000000080049c0                HAL_RCC_GetPCLK1Freq
 .text.HAL_RCC_GetPCLK2Freq
                0x00000000080049e0       0x20 CMakeFiles/RM_Board_A.elf.dir/Drivers/STM32F4xx_HAL_Driver/Src/stm32f4xx_hal_rcc.c.obj
                0x00000000080049e0                HAL_RCC_GetPCLK2Freq
 .text.HAL_RCC_GetClockConfig
                0x0000000008004a00       0x3c CMakeFiles/RM_Board_A.elf.dir/Drivers/STM32F4xx_HAL_Driver/Src/stm32f4xx_hal_rcc.c.obj
                0x0000000008004a00                HAL_RCC_GetClockConfig
 .text.HAL_RCC_CSSCallback
                0x0000000008004a3c        0x2 CMakeFiles/RM_Board_A.elf.dir/Drivers/STM32F4xx_HAL_Driver/Src/stm32f4xx_hal_rcc.c.obj
                0x0000000008004a3c                HAL_RCC_CSSCallback
 *fill*         0x0000000008004a3e        0x2 
 .text.HAL_RCC_NMI_IRQHandler
                0x0000000008004a40       0x20 CMakeFiles/RM_Board_A.elf.dir/Drivers/STM32F4xx_HAL_Driver/Src/stm32f4xx_hal_rcc.c.obj
                0x0000000008004a40                HAL_RCC_NMI_IRQHandler
 .text.SPI_WaitFlagStateUntilTimeout
                0x0000000008004a60       0xd4 CMakeFiles/RM_Board_A.elf.dir/Drivers/STM32F4xx_HAL_Driver/Src/stm32f4xx_hal_spi.c.obj
 .text.SPI_EndRxTxTransaction
                0x0000000008004b34       0x68 CMakeFiles/RM_Board_A.elf.dir/Drivers/STM32F4xx_HAL_Driver/Src/stm32f4xx_hal_spi.c.obj
 .text.HAL_SPI_Init
                0x0000000008004b9c       0xbe CMakeFiles/RM_Board_A.elf.dir/Drivers/STM32F4xx_HAL_Driver/Src/stm32f4xx_hal_spi.c.obj
                0x0000000008004b9c                HAL_SPI_Init
 .text.HAL_SPI_Transmit
                0x0000000008004c5a      0x1b8 CMakeFiles/RM_Board_A.elf.dir/Drivers/STM32F4xx_HAL_Driver/Src/stm32f4xx_hal_spi.c.obj
                0x0000000008004c5a                HAL_SPI_Transmit
 *fill*         0x0000000008004e12        0x2 
 .text.TIM_OC1_SetConfig
                0x0000000008004e14       0x68 CMakeFiles/RM_Board_A.elf.dir/Drivers/STM32F4xx_HAL_Driver/Src/stm32f4xx_hal_tim.c.obj
 .text.TIM_OC3_SetConfig
                0x0000000008004e7c       0x70 CMakeFiles/RM_Board_A.elf.dir/Drivers/STM32F4xx_HAL_Driver/Src/stm32f4xx_hal_tim.c.obj
 .text.TIM_OC4_SetConfig
                0x0000000008004eec       0x50 CMakeFiles/RM_Board_A.elf.dir/Drivers/STM32F4xx_HAL_Driver/Src/stm32f4xx_hal_tim.c.obj
 .text.TIM_TI1_ConfigInputStage
                0x0000000008004f3c       0x26 CMakeFiles/RM_Board_A.elf.dir/Drivers/STM32F4xx_HAL_Driver/Src/stm32f4xx_hal_tim.c.obj
 .text.TIM_TI2_ConfigInputStage
                0x0000000008004f62       0x28 CMakeFiles/RM_Board_A.elf.dir/Drivers/STM32F4xx_HAL_Driver/Src/stm32f4xx_hal_tim.c.obj
 .text.TIM_ITRx_SetConfig
                0x0000000008004f8a       0x10 CMakeFiles/RM_Board_A.elf.dir/Drivers/STM32F4xx_HAL_Driver/Src/stm32f4xx_hal_tim.c.obj
 *fill*         0x0000000008004f9a        0x2 
 .text.HAL_TIM_Base_Start_IT
                0x0000000008004f9c       0x88 CMakeFiles/RM_Board_A.elf.dir/Drivers/STM32F4xx_HAL_Driver/Src/stm32f4xx_hal_tim.c.obj
                0x0000000008004f9c                HAL_TIM_Base_Start_IT
 .text.HAL_TIM_PWM_MspInit
                0x0000000008005024        0x2 CMakeFiles/RM_Board_A.elf.dir/Drivers/STM32F4xx_HAL_Driver/Src/stm32f4xx_hal_tim.c.obj
                0x0000000008005024                HAL_TIM_PWM_MspInit
 .text.HAL_TIM_OC_DelayElapsedCallback
                0x0000000008005026        0x2 CMakeFiles/RM_Board_A.elf.dir/Drivers/STM32F4xx_HAL_Driver/Src/stm32f4xx_hal_tim.c.obj
                0x0000000008005026                HAL_TIM_OC_DelayElapsedCallback
 .text.HAL_TIM_IC_CaptureCallback
                0x0000000008005028        0x2 CMakeFiles/RM_Board_A.elf.dir/Drivers/STM32F4xx_HAL_Driver/Src/stm32f4xx_hal_tim.c.obj
                0x0000000008005028                HAL_TIM_IC_CaptureCallback
 .text.HAL_TIM_PWM_PulseFinishedCallback
                0x000000000800502a        0x2 CMakeFiles/RM_Board_A.elf.dir/Drivers/STM32F4xx_HAL_Driver/Src/stm32f4xx_hal_tim.c.obj
                0x000000000800502a                HAL_TIM_PWM_PulseFinishedCallback
 .text.HAL_TIM_TriggerCallback
                0x000000000800502c        0x2 CMakeFiles/RM_Board_A.elf.dir/Drivers/STM32F4xx_HAL_Driver/Src/stm32f4xx_hal_tim.c.obj
                0x000000000800502c                HAL_TIM_TriggerCallback
 .text.HAL_TIM_IRQHandler
                0x000000000800502e      0x17a CMakeFiles/RM_Board_A.elf.dir/Drivers/STM32F4xx_HAL_Driver/Src/stm32f4xx_hal_tim.c.obj
                0x000000000800502e                HAL_TIM_IRQHandler
 .text.TIM_Base_SetConfig
                0x00000000080051a8       0xc8 CMakeFiles/RM_Board_A.elf.dir/Drivers/STM32F4xx_HAL_Driver/Src/stm32f4xx_hal_tim.c.obj
                0x00000000080051a8                TIM_Base_SetConfig
 .text.HAL_TIM_Base_Init
                0x0000000008005270       0x58 CMakeFiles/RM_Board_A.elf.dir/Drivers/STM32F4xx_HAL_Driver/Src/stm32f4xx_hal_tim.c.obj
                0x0000000008005270                HAL_TIM_Base_Init
 .text.HAL_TIM_PWM_Init
                0x00000000080052c8       0x58 CMakeFiles/RM_Board_A.elf.dir/Drivers/STM32F4xx_HAL_Driver/Src/stm32f4xx_hal_tim.c.obj
                0x00000000080052c8                HAL_TIM_PWM_Init
 .text.TIM_OC2_SetConfig
                0x0000000008005320       0x70 CMakeFiles/RM_Board_A.elf.dir/Drivers/STM32F4xx_HAL_Driver/Src/stm32f4xx_hal_tim.c.obj
                0x0000000008005320                TIM_OC2_SetConfig
 .text.HAL_TIM_PWM_ConfigChannel
                0x0000000008005390       0xdc CMakeFiles/RM_Board_A.elf.dir/Drivers/STM32F4xx_HAL_Driver/Src/stm32f4xx_hal_tim.c.obj
                0x0000000008005390                HAL_TIM_PWM_ConfigChannel
 .text.TIM_ETR_SetConfig
                0x000000000800546c       0x1a CMakeFiles/RM_Board_A.elf.dir/Drivers/STM32F4xx_HAL_Driver/Src/stm32f4xx_hal_tim.c.obj
                0x000000000800546c                TIM_ETR_SetConfig
 .text.HAL_TIM_ConfigClockSource
                0x0000000008005486       0xfe CMakeFiles/RM_Board_A.elf.dir/Drivers/STM32F4xx_HAL_Driver/Src/stm32f4xx_hal_tim.c.obj
                0x0000000008005486                HAL_TIM_ConfigClockSource
 .text.HAL_TIMEx_CommutCallback
                0x0000000008005584        0x2 CMakeFiles/RM_Board_A.elf.dir/Drivers/STM32F4xx_HAL_Driver/Src/stm32f4xx_hal_tim_ex.c.obj
                0x0000000008005584                HAL_TIMEx_CommutCallback
 .text.HAL_TIMEx_BreakCallback
                0x0000000008005586        0x2 CMakeFiles/RM_Board_A.elf.dir/Drivers/STM32F4xx_HAL_Driver/Src/stm32f4xx_hal_tim_ex.c.obj
                0x0000000008005586                HAL_TIMEx_BreakCallback
 .text.UART_SetConfig
                0x0000000008005588      0x110 CMakeFiles/RM_Board_A.elf.dir/Drivers/STM32F4xx_HAL_Driver/Src/stm32f4xx_hal_uart.c.obj
 .text.HAL_UART_Init
                0x0000000008005698       0x5e CMakeFiles/RM_Board_A.elf.dir/Drivers/STM32F4xx_HAL_Driver/Src/stm32f4xx_hal_uart.c.obj
                0x0000000008005698                HAL_UART_Init
 *fill*         0x00000000080056f6        0x2 
 .text.USB_CoreReset
                0x00000000080056f8       0x50 CMakeFiles/RM_Board_A.elf.dir/Drivers/STM32F4xx_HAL_Driver/Src/stm32f4xx_ll_usb.c.obj
 .text.USB_CoreInit
                0x0000000008005748       0x8a CMakeFiles/RM_Board_A.elf.dir/Drivers/STM32F4xx_HAL_Driver/Src/stm32f4xx_ll_usb.c.obj
                0x0000000008005748                USB_CoreInit
 *fill*         0x00000000080057d2        0x2 
 .text.USB_SetTurnaroundTime
                0x00000000080057d4       0xe4 CMakeFiles/RM_Board_A.elf.dir/Drivers/STM32F4xx_HAL_Driver/Src/stm32f4xx_ll_usb.c.obj
                0x00000000080057d4                USB_SetTurnaroundTime
 .text.USB_EnableGlobalInt
                0x00000000080058b8        0xc CMakeFiles/RM_Board_A.elf.dir/Drivers/STM32F4xx_HAL_Driver/Src/stm32f4xx_ll_usb.c.obj
                0x00000000080058b8                USB_EnableGlobalInt
 .text.USB_DisableGlobalInt
                0x00000000080058c4        0xc CMakeFiles/RM_Board_A.elf.dir/Drivers/STM32F4xx_HAL_Driver/Src/stm32f4xx_ll_usb.c.obj
                0x00000000080058c4                USB_DisableGlobalInt
 .text.USB_FlushTxFifo
                0x00000000080058d0       0x50 CMakeFiles/RM_Board_A.elf.dir/Drivers/STM32F4xx_HAL_Driver/Src/stm32f4xx_ll_usb.c.obj
                0x00000000080058d0                USB_FlushTxFifo
 .text.USB_FlushRxFifo
                0x0000000008005920       0x4c CMakeFiles/RM_Board_A.elf.dir/Drivers/STM32F4xx_HAL_Driver/Src/stm32f4xx_ll_usb.c.obj
                0x0000000008005920                USB_FlushRxFifo
 .text.USB_SetDevSpeed
                0x000000000800596c        0xe CMakeFiles/RM_Board_A.elf.dir/Drivers/STM32F4xx_HAL_Driver/Src/stm32f4xx_ll_usb.c.obj
                0x000000000800596c                USB_SetDevSpeed
 *fill*         0x000000000800597a        0x2 
 .text.USB_DevInit
                0x000000000800597c      0x190 CMakeFiles/RM_Board_A.elf.dir/Drivers/STM32F4xx_HAL_Driver/Src/stm32f4xx_ll_usb.c.obj
                0x000000000800597c                USB_DevInit
 .text.USB_GetDevSpeed
                0x0000000008005b0c       0x22 CMakeFiles/RM_Board_A.elf.dir/Drivers/STM32F4xx_HAL_Driver/Src/stm32f4xx_ll_usb.c.obj
                0x0000000008005b0c                USB_GetDevSpeed
 .text.USB_ActivateEndpoint
                0x0000000008005b2e       0x9c CMakeFiles/RM_Board_A.elf.dir/Drivers/STM32F4xx_HAL_Driver/Src/stm32f4xx_ll_usb.c.obj
                0x0000000008005b2e                USB_ActivateEndpoint
 *fill*         0x0000000008005bca        0x2 
 .text.USB_DeactivateEndpoint
                0x0000000008005bcc       0xe0 CMakeFiles/RM_Board_A.elf.dir/Drivers/STM32F4xx_HAL_Driver/Src/stm32f4xx_ll_usb.c.obj
                0x0000000008005bcc                USB_DeactivateEndpoint
 .text.USB_EP0StartXfer
                0x0000000008005cac      0x124 CMakeFiles/RM_Board_A.elf.dir/Drivers/STM32F4xx_HAL_Driver/Src/stm32f4xx_ll_usb.c.obj
                0x0000000008005cac                USB_EP0StartXfer
 .text.USB_EPStopXfer
                0x0000000008005dd0       0xbe CMakeFiles/RM_Board_A.elf.dir/Drivers/STM32F4xx_HAL_Driver/Src/stm32f4xx_ll_usb.c.obj
                0x0000000008005dd0                USB_EPStopXfer
 .text.USB_WritePacket
                0x0000000008005e8e       0x2e CMakeFiles/RM_Board_A.elf.dir/Drivers/STM32F4xx_HAL_Driver/Src/stm32f4xx_ll_usb.c.obj
                0x0000000008005e8e                USB_WritePacket
 .text.USB_EPStartXfer
                0x0000000008005ebc      0x234 CMakeFiles/RM_Board_A.elf.dir/Drivers/STM32F4xx_HAL_Driver/Src/stm32f4xx_ll_usb.c.obj
                0x0000000008005ebc                USB_EPStartXfer
 .text.USB_ReadPacket
                0x00000000080060f0       0x54 CMakeFiles/RM_Board_A.elf.dir/Drivers/STM32F4xx_HAL_Driver/Src/stm32f4xx_ll_usb.c.obj
                0x00000000080060f0                USB_ReadPacket
 .text.USB_EPSetStall
                0x0000000008006144       0x5a CMakeFiles/RM_Board_A.elf.dir/Drivers/STM32F4xx_HAL_Driver/Src/stm32f4xx_ll_usb.c.obj
                0x0000000008006144                USB_EPSetStall
 .text.USB_EPClearStall
                0x000000000800619e       0x5c CMakeFiles/RM_Board_A.elf.dir/Drivers/STM32F4xx_HAL_Driver/Src/stm32f4xx_ll_usb.c.obj
                0x000000000800619e                USB_EPClearStall
 .text.USB_SetDevAddress
                0x00000000080061fa       0x20 CMakeFiles/RM_Board_A.elf.dir/Drivers/STM32F4xx_HAL_Driver/Src/stm32f4xx_ll_usb.c.obj
                0x00000000080061fa                USB_SetDevAddress
 .text.USB_DevConnect
                0x000000000800621a       0x1c CMakeFiles/RM_Board_A.elf.dir/Drivers/STM32F4xx_HAL_Driver/Src/stm32f4xx_ll_usb.c.obj
                0x000000000800621a                USB_DevConnect
 .text.USB_DevDisconnect
                0x0000000008006236       0x1c CMakeFiles/RM_Board_A.elf.dir/Drivers/STM32F4xx_HAL_Driver/Src/stm32f4xx_ll_usb.c.obj
                0x0000000008006236                USB_DevDisconnect
 .text.USB_ReadInterrupts
                0x0000000008006252        0x8 CMakeFiles/RM_Board_A.elf.dir/Drivers/STM32F4xx_HAL_Driver/Src/stm32f4xx_ll_usb.c.obj
                0x0000000008006252                USB_ReadInterrupts
 .text.USB_ReadDevAllOutEpInterrupt
                0x000000000800625a       0x10 CMakeFiles/RM_Board_A.elf.dir/Drivers/STM32F4xx_HAL_Driver/Src/stm32f4xx_ll_usb.c.obj
                0x000000000800625a                USB_ReadDevAllOutEpInterrupt
 .text.USB_ReadDevAllInEpInterrupt
                0x000000000800626a       0x10 CMakeFiles/RM_Board_A.elf.dir/Drivers/STM32F4xx_HAL_Driver/Src/stm32f4xx_ll_usb.c.obj
                0x000000000800626a                USB_ReadDevAllInEpInterrupt
 .text.USB_ReadDevOutEPInterrupt
                0x000000000800627a       0x12 CMakeFiles/RM_Board_A.elf.dir/Drivers/STM32F4xx_HAL_Driver/Src/stm32f4xx_ll_usb.c.obj
                0x000000000800627a                USB_ReadDevOutEPInterrupt
 .text.USB_ReadDevInEPInterrupt
                0x000000000800628c       0x28 CMakeFiles/RM_Board_A.elf.dir/Drivers/STM32F4xx_HAL_Driver/Src/stm32f4xx_ll_usb.c.obj
                0x000000000800628c                USB_ReadDevInEPInterrupt
 .text.USB_GetMode
                0x00000000080062b4        0x8 CMakeFiles/RM_Board_A.elf.dir/Drivers/STM32F4xx_HAL_Driver/Src/stm32f4xx_ll_usb.c.obj
                0x00000000080062b4                USB_GetMode
 .text.USB_SetCurrentMode
                0x00000000080062bc       0x62 CMakeFiles/RM_Board_A.elf.dir/Drivers/STM32F4xx_HAL_Driver/Src/stm32f4xx_ll_usb.c.obj
                0x00000000080062bc                USB_SetCurrentMode
 .text.USB_ActivateSetup
                0x000000000800631e       0x20 CMakeFiles/RM_Board_A.elf.dir/Drivers/STM32F4xx_HAL_Driver/Src/stm32f4xx_ll_usb.c.obj
                0x000000000800631e                USB_ActivateSetup
 *fill*         0x000000000800633e        0x2 
 .text.USB_EP0_OutStart
                0x0000000008006340       0x60 CMakeFiles/RM_Board_A.elf.dir/Drivers/STM32F4xx_HAL_Driver/Src/stm32f4xx_ll_usb.c.obj
                0x0000000008006340                USB_EP0_OutStart
 .text.USBD_CDC_EP0_RxReady
                0x00000000080063a0       0x40 CMakeFiles/RM_Board_A.elf.dir/Middlewares/ST/STM32_USB_Device_Library/Class/CDC/Src/usbd_cdc.c.obj
 .text.USBD_CDC_GetDeviceQualifierDescriptor
                0x00000000080063e0        0xc CMakeFiles/RM_Board_A.elf.dir/Middlewares/ST/STM32_USB_Device_Library/Class/CDC/Src/usbd_cdc.c.obj
                0x00000000080063e0                USBD_CDC_GetDeviceQualifierDescriptor
 .text.USBD_CDC_GetOtherSpeedCfgDesc
                0x00000000080063ec       0x48 CMakeFiles/RM_Board_A.elf.dir/Middlewares/ST/STM32_USB_Device_Library/Class/CDC/Src/usbd_cdc.c.obj
 .text.USBD_CDC_GetFSCfgDesc
                0x0000000008006434       0x48 CMakeFiles/RM_Board_A.elf.dir/Middlewares/ST/STM32_USB_Device_Library/Class/CDC/Src/usbd_cdc.c.obj
 .text.USBD_CDC_GetHSCfgDesc
                0x000000000800647c       0x48 CMakeFiles/RM_Board_A.elf.dir/Middlewares/ST/STM32_USB_Device_Library/Class/CDC/Src/usbd_cdc.c.obj
 .text.USBD_CDC_DataOut
                0x00000000080064c4       0x38 CMakeFiles/RM_Board_A.elf.dir/Middlewares/ST/STM32_USB_Device_Library/Class/CDC/Src/usbd_cdc.c.obj
 .text.USBD_CDC_DataIn
                0x00000000080064fc       0x7c CMakeFiles/RM_Board_A.elf.dir/Middlewares/ST/STM32_USB_Device_Library/Class/CDC/Src/usbd_cdc.c.obj
 .text.USBD_CDC_Setup
                0x0000000008006578      0x11a CMakeFiles/RM_Board_A.elf.dir/Middlewares/ST/STM32_USB_Device_Library/Class/CDC/Src/usbd_cdc.c.obj
 .text.USBD_CDC_DeInit
                0x0000000008006692       0x64 CMakeFiles/RM_Board_A.elf.dir/Middlewares/ST/STM32_USB_Device_Library/Class/CDC/Src/usbd_cdc.c.obj
 .text.USBD_CDC_Init
                0x00000000080066f6       0xee CMakeFiles/RM_Board_A.elf.dir/Middlewares/ST/STM32_USB_Device_Library/Class/CDC/Src/usbd_cdc.c.obj
 .text.USBD_CDC_RegisterInterface
                0x00000000080067e4       0x16 CMakeFiles/RM_Board_A.elf.dir/Middlewares/ST/STM32_USB_Device_Library/Class/CDC/Src/usbd_cdc.c.obj
                0x00000000080067e4                USBD_CDC_RegisterInterface
 .text.USBD_CDC_SetTxBuffer
                0x00000000080067fa       0x1c CMakeFiles/RM_Board_A.elf.dir/Middlewares/ST/STM32_USB_Device_Library/Class/CDC/Src/usbd_cdc.c.obj
                0x00000000080067fa                USBD_CDC_SetTxBuffer
 .text.USBD_CDC_SetRxBuffer
                0x0000000008006816       0x18 CMakeFiles/RM_Board_A.elf.dir/Middlewares/ST/STM32_USB_Device_Library/Class/CDC/Src/usbd_cdc.c.obj
                0x0000000008006816                USBD_CDC_SetRxBuffer
 .text.USBD_CDC_TransmitPacket
                0x000000000800682e       0x3a CMakeFiles/RM_Board_A.elf.dir/Middlewares/ST/STM32_USB_Device_Library/Class/CDC/Src/usbd_cdc.c.obj
                0x000000000800682e                USBD_CDC_TransmitPacket
 .text.USBD_CDC_ReceivePacket
                0x0000000008006868       0x38 CMakeFiles/RM_Board_A.elf.dir/Middlewares/ST/STM32_USB_Device_Library/Class/CDC/Src/usbd_cdc.c.obj
                0x0000000008006868                USBD_CDC_ReceivePacket
 .text.USBD_Init
                0x00000000080068a0       0x2e CMakeFiles/RM_Board_A.elf.dir/Middlewares/ST/STM32_USB_Device_Library/Core/Src/usbd_core.c.obj
                0x00000000080068a0                USBD_Init
 .text.USBD_RegisterClass
                0x00000000080068ce       0x34 CMakeFiles/RM_Board_A.elf.dir/Middlewares/ST/STM32_USB_Device_Library/Core/Src/usbd_core.c.obj
                0x00000000080068ce                USBD_RegisterClass
 .text.USBD_Start
                0x0000000008006902        0x8 CMakeFiles/RM_Board_A.elf.dir/Middlewares/ST/STM32_USB_Device_Library/Core/Src/usbd_core.c.obj
                0x0000000008006902                USBD_Start
 .text.USBD_SetClassConfig
                0x000000000800690a       0x12 CMakeFiles/RM_Board_A.elf.dir/Middlewares/ST/STM32_USB_Device_Library/Core/Src/usbd_core.c.obj
                0x000000000800690a                USBD_SetClassConfig
 .text.USBD_ClrClassConfig
                0x000000000800691c       0x12 CMakeFiles/RM_Board_A.elf.dir/Middlewares/ST/STM32_USB_Device_Library/Core/Src/usbd_core.c.obj
                0x000000000800691c                USBD_ClrClassConfig
 .text.USBD_LL_SetupStage
                0x000000000800692e       0x58 CMakeFiles/RM_Board_A.elf.dir/Middlewares/ST/STM32_USB_Device_Library/Core/Src/usbd_core.c.obj
                0x000000000800692e                USBD_LL_SetupStage
 .text.USBD_LL_Reset
                0x0000000008006986       0x64 CMakeFiles/RM_Board_A.elf.dir/Middlewares/ST/STM32_USB_Device_Library/Core/Src/usbd_core.c.obj
                0x0000000008006986                USBD_LL_Reset
 .text.USBD_LL_SetSpeed
                0x00000000080069ea        0x6 CMakeFiles/RM_Board_A.elf.dir/Middlewares/ST/STM32_USB_Device_Library/Core/Src/usbd_core.c.obj
                0x00000000080069ea                USBD_LL_SetSpeed
 .text.USBD_LL_Suspend
                0x00000000080069f0       0x14 CMakeFiles/RM_Board_A.elf.dir/Middlewares/ST/STM32_USB_Device_Library/Core/Src/usbd_core.c.obj
                0x00000000080069f0                USBD_LL_Suspend
 .text.USBD_LL_Resume
                0x0000000008006a04       0x1a CMakeFiles/RM_Board_A.elf.dir/Middlewares/ST/STM32_USB_Device_Library/Core/Src/usbd_core.c.obj
                0x0000000008006a04                USBD_LL_Resume
 .text.USBD_LL_SOF
                0x0000000008006a1e       0x22 CMakeFiles/RM_Board_A.elf.dir/Middlewares/ST/STM32_USB_Device_Library/Core/Src/usbd_core.c.obj
                0x0000000008006a1e                USBD_LL_SOF
 .text.USBD_LL_IsoINIncomplete
                0x0000000008006a40       0x2e CMakeFiles/RM_Board_A.elf.dir/Middlewares/ST/STM32_USB_Device_Library/Core/Src/usbd_core.c.obj
                0x0000000008006a40                USBD_LL_IsoINIncomplete
 .text.USBD_LL_IsoOUTIncomplete
                0x0000000008006a6e       0x2e CMakeFiles/RM_Board_A.elf.dir/Middlewares/ST/STM32_USB_Device_Library/Core/Src/usbd_core.c.obj
                0x0000000008006a6e                USBD_LL_IsoOUTIncomplete
 .text.USBD_LL_DevConnected
                0x0000000008006a9c        0x4 CMakeFiles/RM_Board_A.elf.dir/Middlewares/ST/STM32_USB_Device_Library/Core/Src/usbd_core.c.obj
                0x0000000008006a9c                USBD_LL_DevConnected
 .text.USBD_LL_DevDisconnected
                0x0000000008006aa0       0x20 CMakeFiles/RM_Board_A.elf.dir/Middlewares/ST/STM32_USB_Device_Library/Core/Src/usbd_core.c.obj
                0x0000000008006aa0                USBD_LL_DevDisconnected
 .text.USBD_CoreFindIF
                0x0000000008006ac0        0x4 CMakeFiles/RM_Board_A.elf.dir/Middlewares/ST/STM32_USB_Device_Library/Core/Src/usbd_core.c.obj
                0x0000000008006ac0                USBD_CoreFindIF
 .text.USBD_CoreFindEP
                0x0000000008006ac4        0x4 CMakeFiles/RM_Board_A.elf.dir/Middlewares/ST/STM32_USB_Device_Library/Core/Src/usbd_core.c.obj
                0x0000000008006ac4                USBD_CoreFindEP
 .text.USBD_LL_DataOutStage
                0x0000000008006ac8       0xc6 CMakeFiles/RM_Board_A.elf.dir/Middlewares/ST/STM32_USB_Device_Library/Core/Src/usbd_core.c.obj
                0x0000000008006ac8                USBD_LL_DataOutStage
 .text.USBD_LL_DataInStage
                0x0000000008006b8e       0xd6 CMakeFiles/RM_Board_A.elf.dir/Middlewares/ST/STM32_USB_Device_Library/Core/Src/usbd_core.c.obj
                0x0000000008006b8e                USBD_LL_DataInStage
 .text.USBD_GetNextDesc
                0x0000000008006c64        0xe CMakeFiles/RM_Board_A.elf.dir/Middlewares/ST/STM32_USB_Device_Library/Core/Src/usbd_core.c.obj
                0x0000000008006c64                USBD_GetNextDesc
 .text.USBD_GetEpDesc
                0x0000000008006c72       0x3e CMakeFiles/RM_Board_A.elf.dir/Middlewares/ST/STM32_USB_Device_Library/Core/Src/usbd_core.c.obj
                0x0000000008006c72                USBD_GetEpDesc
 .text.USBD_GetLen
                0x0000000008006cb0       0x14 CMakeFiles/RM_Board_A.elf.dir/Middlewares/ST/STM32_USB_Device_Library/Core/Src/usbd_ctlreq.c.obj
 .text.USBD_ParseSetupRequest
                0x0000000008006cc4       0x28 CMakeFiles/RM_Board_A.elf.dir/Middlewares/ST/STM32_USB_Device_Library/Core/Src/usbd_ctlreq.c.obj
                0x0000000008006cc4                USBD_ParseSetupRequest
 .text.USBD_CtlError
                0x0000000008006cec       0x14 CMakeFiles/RM_Board_A.elf.dir/Middlewares/ST/STM32_USB_Device_Library/Core/Src/usbd_ctlreq.c.obj
                0x0000000008006cec                USBD_CtlError
 .text.USBD_GetDescriptor
                0x0000000008006d00      0x18a CMakeFiles/RM_Board_A.elf.dir/Middlewares/ST/STM32_USB_Device_Library/Core/Src/usbd_ctlreq.c.obj
 .text.USBD_SetAddress
                0x0000000008006e8a       0x50 CMakeFiles/RM_Board_A.elf.dir/Middlewares/ST/STM32_USB_Device_Library/Core/Src/usbd_ctlreq.c.obj
 *fill*         0x0000000008006eda        0x2 
 .text.USBD_SetConfig
                0x0000000008006edc       0xcc CMakeFiles/RM_Board_A.elf.dir/Middlewares/ST/STM32_USB_Device_Library/Core/Src/usbd_ctlreq.c.obj
 .text.USBD_GetConfig
                0x0000000008006fa8       0x40 CMakeFiles/RM_Board_A.elf.dir/Middlewares/ST/STM32_USB_Device_Library/Core/Src/usbd_ctlreq.c.obj
 .text.USBD_GetStatus
                0x0000000008006fe8       0x38 CMakeFiles/RM_Board_A.elf.dir/Middlewares/ST/STM32_USB_Device_Library/Core/Src/usbd_ctlreq.c.obj
 .text.USBD_SetFeature
                0x0000000008007020       0x2a CMakeFiles/RM_Board_A.elf.dir/Middlewares/ST/STM32_USB_Device_Library/Core/Src/usbd_ctlreq.c.obj
 .text.USBD_ClrFeature
                0x000000000800704a       0x26 CMakeFiles/RM_Board_A.elf.dir/Middlewares/ST/STM32_USB_Device_Library/Core/Src/usbd_ctlreq.c.obj
 .text.USBD_StdDevReq
                0x0000000008007070       0x76 CMakeFiles/RM_Board_A.elf.dir/Middlewares/ST/STM32_USB_Device_Library/Core/Src/usbd_ctlreq.c.obj
                0x0000000008007070                USBD_StdDevReq
 .text.USBD_StdItfReq
                0x00000000080070e6       0x84 CMakeFiles/RM_Board_A.elf.dir/Middlewares/ST/STM32_USB_Device_Library/Core/Src/usbd_ctlreq.c.obj
                0x00000000080070e6                USBD_StdItfReq
 .text.USBD_StdEPReq
                0x000000000800716a      0x230 CMakeFiles/RM_Board_A.elf.dir/Middlewares/ST/STM32_USB_Device_Library/Core/Src/usbd_ctlreq.c.obj
                0x000000000800716a                USBD_StdEPReq
 .text.USBD_GetString
                0x000000000800739a       0x3a CMakeFiles/RM_Board_A.elf.dir/Middlewares/ST/STM32_USB_Device_Library/Core/Src/usbd_ctlreq.c.obj
                0x000000000800739a                USBD_GetString
 .text.USBD_CtlSendData
                0x00000000080073d4       0x1a CMakeFiles/RM_Board_A.elf.dir/Middlewares/ST/STM32_USB_Device_Library/Core/Src/usbd_ioreq.c.obj
                0x00000000080073d4                USBD_CtlSendData
 .text.USBD_CtlContinueSendData
                0x00000000080073ee       0x10 CMakeFiles/RM_Board_A.elf.dir/Middlewares/ST/STM32_USB_Device_Library/Core/Src/usbd_ioreq.c.obj
                0x00000000080073ee                USBD_CtlContinueSendData
 .text.USBD_CtlPrepareRx
                0x00000000080073fe       0x1e CMakeFiles/RM_Board_A.elf.dir/Middlewares/ST/STM32_USB_Device_Library/Core/Src/usbd_ioreq.c.obj
                0x00000000080073fe                USBD_CtlPrepareRx
 .text.USBD_CtlContinueRx
                0x000000000800741c       0x10 CMakeFiles/RM_Board_A.elf.dir/Middlewares/ST/STM32_USB_Device_Library/Core/Src/usbd_ioreq.c.obj
                0x000000000800741c                USBD_CtlContinueRx
 .text.USBD_CtlSendStatus
                0x000000000800742c       0x16 CMakeFiles/RM_Board_A.elf.dir/Middlewares/ST/STM32_USB_Device_Library/Core/Src/usbd_ioreq.c.obj
                0x000000000800742c                USBD_CtlSendStatus
 .text.USBD_CtlReceiveStatus
                0x0000000008007442       0x16 CMakeFiles/RM_Board_A.elf.dir/Middlewares/ST/STM32_USB_Device_Library/Core/Src/usbd_ioreq.c.obj
                0x0000000008007442                USBD_CtlReceiveStatus
 .text.SysTick_Handler
                0x0000000008007458       0x18 CMakeFiles/RM_Board_A.elf.dir/Middlewares/Third_Party/FreeRTOS/Source/CMSIS_RTOS_V2/cmsis_os2.c.obj
                0x0000000008007458                SysTick_Handler
 .text.osKernelInitialize
                0x0000000008007470       0x24 CMakeFiles/RM_Board_A.elf.dir/Middlewares/Third_Party/FreeRTOS/Source/CMSIS_RTOS_V2/cmsis_os2.c.obj
                0x0000000008007470                osKernelInitialize
 .text.osKernelStart
                0x0000000008007494       0x38 CMakeFiles/RM_Board_A.elf.dir/Middlewares/Third_Party/FreeRTOS/Source/CMSIS_RTOS_V2/cmsis_os2.c.obj
                0x0000000008007494                osKernelStart
 .text.osThreadNew
                0x00000000080074cc       0xbc CMakeFiles/RM_Board_A.elf.dir/Middlewares/Third_Party/FreeRTOS/Source/CMSIS_RTOS_V2/cmsis_os2.c.obj
                0x00000000080074cc                osThreadNew
 .text.osDelay  0x0000000008007588       0x1c CMakeFiles/RM_Board_A.elf.dir/Middlewares/Third_Party/FreeRTOS/Source/CMSIS_RTOS_V2/cmsis_os2.c.obj
                0x0000000008007588                osDelay
 .text.vApplicationGetIdleTaskMemory
                0x00000000080075a4       0x18 CMakeFiles/RM_Board_A.elf.dir/Middlewares/Third_Party/FreeRTOS/Source/CMSIS_RTOS_V2/cmsis_os2.c.obj
                0x00000000080075a4                vApplicationGetIdleTaskMemory
 .text.vApplicationGetTimerTaskMemory
                0x00000000080075bc       0x18 CMakeFiles/RM_Board_A.elf.dir/Middlewares/Third_Party/FreeRTOS/Source/CMSIS_RTOS_V2/cmsis_os2.c.obj
                0x00000000080075bc                vApplicationGetTimerTaskMemory
 .text.vListInitialise
                0x00000000080075d4       0x16 CMakeFiles/RM_Board_A.elf.dir/Middlewares/Third_Party/FreeRTOS/Source/list.c.obj
                0x00000000080075d4                vListInitialise
 .text.vListInitialiseItem
                0x00000000080075ea        0x6 CMakeFiles/RM_Board_A.elf.dir/Middlewares/Third_Party/FreeRTOS/Source/list.c.obj
                0x00000000080075ea                vListInitialiseItem
 .text.vListInsertEnd
                0x00000000080075f0       0x16 CMakeFiles/RM_Board_A.elf.dir/Middlewares/Third_Party/FreeRTOS/Source/list.c.obj
                0x00000000080075f0                vListInsertEnd
 .text.vListInsert
                0x0000000008007606       0x32 CMakeFiles/RM_Board_A.elf.dir/Middlewares/Third_Party/FreeRTOS/Source/list.c.obj
                0x0000000008007606                vListInsert
 .text.uxListRemove
                0x0000000008007638       0x26 CMakeFiles/RM_Board_A.elf.dir/Middlewares/Third_Party/FreeRTOS/Source/list.c.obj
                0x0000000008007638                uxListRemove
 *fill*         0x000000000800765e        0x2 
 .text.prvTaskExitError
                0x0000000008007660       0x40 CMakeFiles/RM_Board_A.elf.dir/Middlewares/Third_Party/FreeRTOS/Source/portable/GCC/ARM_CM4F/port.c.obj
 .text.prvPortStartFirstTask
                0x00000000080076a0       0x28 CMakeFiles/RM_Board_A.elf.dir/Middlewares/Third_Party/FreeRTOS/Source/portable/GCC/ARM_CM4F/port.c.obj
 .text.vPortEnableVFP
                0x00000000080076c8       0x14 CMakeFiles/RM_Board_A.elf.dir/Middlewares/Third_Party/FreeRTOS/Source/portable/GCC/ARM_CM4F/port.c.obj
 .text.pxPortInitialiseStack
                0x00000000080076dc       0x2c CMakeFiles/RM_Board_A.elf.dir/Middlewares/Third_Party/FreeRTOS/Source/portable/GCC/ARM_CM4F/port.c.obj
                0x00000000080076dc                pxPortInitialiseStack
 *fill*         0x0000000008007708        0x8 
 .text.SVC_Handler
                0x0000000008007710       0x24 CMakeFiles/RM_Board_A.elf.dir/Middlewares/Third_Party/FreeRTOS/Source/portable/GCC/ARM_CM4F/port.c.obj
                0x0000000008007710                SVC_Handler
 .text.vPortEnterCritical
                0x0000000008007734       0x44 CMakeFiles/RM_Board_A.elf.dir/Middlewares/Third_Party/FreeRTOS/Source/portable/GCC/ARM_CM4F/port.c.obj
                0x0000000008007734                vPortEnterCritical
 .text.vPortExitCritical
                0x0000000008007778       0x2c CMakeFiles/RM_Board_A.elf.dir/Middlewares/Third_Party/FreeRTOS/Source/portable/GCC/ARM_CM4F/port.c.obj
                0x0000000008007778                vPortExitCritical
 *fill*         0x00000000080077a4        0xc 
 .text.PendSV_Handler
                0x00000000080077b0       0x64 CMakeFiles/RM_Board_A.elf.dir/Middlewares/Third_Party/FreeRTOS/Source/portable/GCC/ARM_CM4F/port.c.obj
                0x00000000080077b0                PendSV_Handler
 .text.xPortSysTickHandler
                0x0000000008007814       0x2c CMakeFiles/RM_Board_A.elf.dir/Middlewares/Third_Party/FreeRTOS/Source/portable/GCC/ARM_CM4F/port.c.obj
                0x0000000008007814                xPortSysTickHandler
 .text.vPortSetupTimerInterrupt
                0x0000000008007840       0x28 CMakeFiles/RM_Board_A.elf.dir/Middlewares/Third_Party/FreeRTOS/Source/portable/GCC/ARM_CM4F/port.c.obj
                0x0000000008007840                vPortSetupTimerInterrupt
 .text.xPortStartScheduler
                0x0000000008007868      0x118 CMakeFiles/RM_Board_A.elf.dir/Middlewares/Third_Party/FreeRTOS/Source/portable/GCC/ARM_CM4F/port.c.obj
                0x0000000008007868                xPortStartScheduler
 .text.vPortValidateInterruptPriority
                0x0000000008007980       0x5c CMakeFiles/RM_Board_A.elf.dir/Middlewares/Third_Party/FreeRTOS/Source/portable/GCC/ARM_CM4F/port.c.obj
                0x0000000008007980                vPortValidateInterruptPriority
 .text.prvHeapInit
                0x00000000080079dc       0x64 CMakeFiles/RM_Board_A.elf.dir/Middlewares/Third_Party/FreeRTOS/Source/portable/MemMang/heap_4.c.obj
 .text.prvInsertBlockIntoFreeList
                0x0000000008007a40       0x64 CMakeFiles/RM_Board_A.elf.dir/Middlewares/Third_Party/FreeRTOS/Source/portable/MemMang/heap_4.c.obj
 .text.pvPortMalloc
                0x0000000008007aa4       0xfc CMakeFiles/RM_Board_A.elf.dir/Middlewares/Third_Party/FreeRTOS/Source/portable/MemMang/heap_4.c.obj
                0x0000000008007aa4                pvPortMalloc
 .text.vPortFree
                0x0000000008007ba0       0x7c CMakeFiles/RM_Board_A.elf.dir/Middlewares/Third_Party/FreeRTOS/Source/portable/MemMang/heap_4.c.obj
                0x0000000008007ba0                vPortFree
 .text.prvIsQueueFull
                0x0000000008007c1c       0x1e CMakeFiles/RM_Board_A.elf.dir/Middlewares/Third_Party/FreeRTOS/Source/queue.c.obj
 .text.prvIsQueueEmpty
                0x0000000008007c3a       0x1a CMakeFiles/RM_Board_A.elf.dir/Middlewares/Third_Party/FreeRTOS/Source/queue.c.obj
 .text.prvCopyDataToQueue
                0x0000000008007c54       0x76 CMakeFiles/RM_Board_A.elf.dir/Middlewares/Third_Party/FreeRTOS/Source/queue.c.obj
 .text.prvCopyDataFromQueue
                0x0000000008007cca       0x24 CMakeFiles/RM_Board_A.elf.dir/Middlewares/Third_Party/FreeRTOS/Source/queue.c.obj
 .text.prvUnlockQueue
                0x0000000008007cee       0x6e CMakeFiles/RM_Board_A.elf.dir/Middlewares/Third_Party/FreeRTOS/Source/queue.c.obj
 .text.xQueueGenericReset
                0x0000000008007d5c       0x84 CMakeFiles/RM_Board_A.elf.dir/Middlewares/Third_Party/FreeRTOS/Source/queue.c.obj
                0x0000000008007d5c                xQueueGenericReset
 .text.prvInitialiseNewQueue
                0x0000000008007de0       0x22 CMakeFiles/RM_Board_A.elf.dir/Middlewares/Third_Party/FreeRTOS/Source/queue.c.obj
 .text.xQueueGenericCreateStatic
                0x0000000008007e02       0x94 CMakeFiles/RM_Board_A.elf.dir/Middlewares/Third_Party/FreeRTOS/Source/queue.c.obj
                0x0000000008007e02                xQueueGenericCreateStatic
 .text.xQueueGenericSend
                0x0000000008007e96      0x188 CMakeFiles/RM_Board_A.elf.dir/Middlewares/Third_Party/FreeRTOS/Source/queue.c.obj
                0x0000000008007e96                xQueueGenericSend
 .text.xQueueGenericSendFromISR
                0x000000000800801e       0xce CMakeFiles/RM_Board_A.elf.dir/Middlewares/Third_Party/FreeRTOS/Source/queue.c.obj
                0x000000000800801e                xQueueGenericSendFromISR
 .text.xQueueReceive
                0x00000000080080ec      0x15e CMakeFiles/RM_Board_A.elf.dir/Middlewares/Third_Party/FreeRTOS/Source/queue.c.obj
                0x00000000080080ec                xQueueReceive
 *fill*         0x000000000800824a        0x2 
 .text.vQueueAddToRegistry
                0x000000000800824c       0x28 CMakeFiles/RM_Board_A.elf.dir/Middlewares/Third_Party/FreeRTOS/Source/queue.c.obj
                0x000000000800824c                vQueueAddToRegistry
 .text.vQueueWaitForMessageRestricted
                0x0000000008008274       0x52 CMakeFiles/RM_Board_A.elf.dir/Middlewares/Third_Party/FreeRTOS/Source/queue.c.obj
                0x0000000008008274                vQueueWaitForMessageRestricted
 *fill*         0x00000000080082c6        0x2 
 .text.prvResetNextTaskUnblockTime
                0x00000000080082c8       0x2c CMakeFiles/RM_Board_A.elf.dir/Middlewares/Third_Party/FreeRTOS/Source/tasks.c.obj
 .text.prvInitialiseNewTask
                0x00000000080082f4       0xaa CMakeFiles/RM_Board_A.elf.dir/Middlewares/Third_Party/FreeRTOS/Source/tasks.c.obj
 *fill*         0x000000000800839e        0x2 
 .text.prvInitialiseTaskLists
                0x00000000080083a0       0x68 CMakeFiles/RM_Board_A.elf.dir/Middlewares/Third_Party/FreeRTOS/Source/tasks.c.obj
 .text.prvAddNewTaskToReadyList
                0x0000000008008408       0xac CMakeFiles/RM_Board_A.elf.dir/Middlewares/Third_Party/FreeRTOS/Source/tasks.c.obj
 .text.prvDeleteTCB
                0x00000000080084b4       0x38 CMakeFiles/RM_Board_A.elf.dir/Middlewares/Third_Party/FreeRTOS/Source/tasks.c.obj
 .text.prvCheckTasksWaitingTermination
                0x00000000080084ec       0x4c CMakeFiles/RM_Board_A.elf.dir/Middlewares/Third_Party/FreeRTOS/Source/tasks.c.obj
 .text.prvIdleTask
                0x0000000008008538       0x28 CMakeFiles/RM_Board_A.elf.dir/Middlewares/Third_Party/FreeRTOS/Source/tasks.c.obj
 .text.prvAddCurrentTaskToDelayedList
                0x0000000008008560       0x7c CMakeFiles/RM_Board_A.elf.dir/Middlewares/Third_Party/FreeRTOS/Source/tasks.c.obj
 .text.xTaskCreateStatic
                0x00000000080085dc       0x76 CMakeFiles/RM_Board_A.elf.dir/Middlewares/Third_Party/FreeRTOS/Source/tasks.c.obj
                0x00000000080085dc                xTaskCreateStatic
 .text.xTaskCreate
                0x0000000008008652       0x68 CMakeFiles/RM_Board_A.elf.dir/Middlewares/Third_Party/FreeRTOS/Source/tasks.c.obj
                0x0000000008008652                xTaskCreate
 *fill*         0x00000000080086ba        0x2 
 .text.vTaskStartScheduler
                0x00000000080086bc       0xa0 CMakeFiles/RM_Board_A.elf.dir/Middlewares/Third_Party/FreeRTOS/Source/tasks.c.obj
                0x00000000080086bc                vTaskStartScheduler
 .text.vTaskSuspendAll
                0x000000000800875c       0x10 CMakeFiles/RM_Board_A.elf.dir/Middlewares/Third_Party/FreeRTOS/Source/tasks.c.obj
                0x000000000800875c                vTaskSuspendAll
 .text.xTaskGetTickCount
                0x000000000800876c        0xc CMakeFiles/RM_Board_A.elf.dir/Middlewares/Third_Party/FreeRTOS/Source/tasks.c.obj
                0x000000000800876c                xTaskGetTickCount
 .text.xTaskIncrementTick
                0x0000000008008778      0x118 CMakeFiles/RM_Board_A.elf.dir/Middlewares/Third_Party/FreeRTOS/Source/tasks.c.obj
                0x0000000008008778                xTaskIncrementTick
 .text.xTaskResumeAll
                0x0000000008008890       0xf8 CMakeFiles/RM_Board_A.elf.dir/Middlewares/Third_Party/FreeRTOS/Source/tasks.c.obj
                0x0000000008008890                xTaskResumeAll
 .text.vTaskDelay
                0x0000000008008988       0x4c CMakeFiles/RM_Board_A.elf.dir/Middlewares/Third_Party/FreeRTOS/Source/tasks.c.obj
                0x0000000008008988                vTaskDelay
 .text.vTaskSwitchContext
                0x00000000080089d4       0xc0 CMakeFiles/RM_Board_A.elf.dir/Middlewares/Third_Party/FreeRTOS/Source/tasks.c.obj
                0x00000000080089d4                vTaskSwitchContext
 .text.vTaskPlaceOnEventList
                0x0000000008008a94       0x30 CMakeFiles/RM_Board_A.elf.dir/Middlewares/Third_Party/FreeRTOS/Source/tasks.c.obj
                0x0000000008008a94                vTaskPlaceOnEventList
 .text.vTaskPlaceOnEventListRestricted
                0x0000000008008ac4       0x38 CMakeFiles/RM_Board_A.elf.dir/Middlewares/Third_Party/FreeRTOS/Source/tasks.c.obj
                0x0000000008008ac4                vTaskPlaceOnEventListRestricted
 .text.xTaskRemoveFromEventList
                0x0000000008008afc       0x8c CMakeFiles/RM_Board_A.elf.dir/Middlewares/Third_Party/FreeRTOS/Source/tasks.c.obj
                0x0000000008008afc                xTaskRemoveFromEventList
 .text.vTaskInternalSetTimeOutState
                0x0000000008008b88       0x18 CMakeFiles/RM_Board_A.elf.dir/Middlewares/Third_Party/FreeRTOS/Source/tasks.c.obj
                0x0000000008008b88                vTaskInternalSetTimeOutState
 .text.xTaskCheckForTimeOut
                0x0000000008008ba0       0x84 CMakeFiles/RM_Board_A.elf.dir/Middlewares/Third_Party/FreeRTOS/Source/tasks.c.obj
                0x0000000008008ba0                xTaskCheckForTimeOut
 .text.vTaskMissedYield
                0x0000000008008c24        0xc CMakeFiles/RM_Board_A.elf.dir/Middlewares/Third_Party/FreeRTOS/Source/tasks.c.obj
                0x0000000008008c24                vTaskMissedYield
 .text.xTaskGetSchedulerState
                0x0000000008008c30       0x20 CMakeFiles/RM_Board_A.elf.dir/Middlewares/Third_Party/FreeRTOS/Source/tasks.c.obj
                0x0000000008008c30                xTaskGetSchedulerState
 .text.xTaskPriorityDisinherit
                0x0000000008008c50       0x90 CMakeFiles/RM_Board_A.elf.dir/Middlewares/Third_Party/FreeRTOS/Source/tasks.c.obj
                0x0000000008008c50                xTaskPriorityDisinherit
 .text.prvGetNextExpireTime
                0x0000000008008ce0       0x20 CMakeFiles/RM_Board_A.elf.dir/Middlewares/Third_Party/FreeRTOS/Source/timers.c.obj
 .text.prvInsertTimerInActiveList
                0x0000000008008d00       0x48 CMakeFiles/RM_Board_A.elf.dir/Middlewares/Third_Party/FreeRTOS/Source/timers.c.obj
 .text.prvCheckForValidListAndQueue
                0x0000000008008d48       0x70 CMakeFiles/RM_Board_A.elf.dir/Middlewares/Third_Party/FreeRTOS/Source/timers.c.obj
 .text.xTimerCreateTimerTask
                0x0000000008008db8       0x64 CMakeFiles/RM_Board_A.elf.dir/Middlewares/Third_Party/FreeRTOS/Source/timers.c.obj
                0x0000000008008db8                xTimerCreateTimerTask
 .text.xTimerGenericCommand
                0x0000000008008e1c       0x6c CMakeFiles/RM_Board_A.elf.dir/Middlewares/Third_Party/FreeRTOS/Source/timers.c.obj
                0x0000000008008e1c                xTimerGenericCommand
 .text.prvSwitchTimerLists
                0x0000000008008e88       0x7c CMakeFiles/RM_Board_A.elf.dir/Middlewares/Third_Party/FreeRTOS/Source/timers.c.obj
 .text.prvSampleTimeNow
                0x0000000008008f04       0x2c CMakeFiles/RM_Board_A.elf.dir/Middlewares/Third_Party/FreeRTOS/Source/timers.c.obj
 .text.prvProcessExpiredTimer
                0x0000000008008f30       0x6c CMakeFiles/RM_Board_A.elf.dir/Middlewares/Third_Party/FreeRTOS/Source/timers.c.obj
 .text.prvProcessTimerOrBlockTask
                0x0000000008008f9c       0x74 CMakeFiles/RM_Board_A.elf.dir/Middlewares/Third_Party/FreeRTOS/Source/timers.c.obj
 .text.prvProcessReceivedCommands
                0x0000000008009010      0x10c CMakeFiles/RM_Board_A.elf.dir/Middlewares/Third_Party/FreeRTOS/Source/timers.c.obj
 .text.prvTimerTask
                0x000000000800911c       0x16 CMakeFiles/RM_Board_A.elf.dir/Middlewares/Third_Party/FreeRTOS/Source/timers.c.obj
 *fill*         0x0000000008009132        0x2 
 .text.MX_USB_DEVICE_Init
                0x0000000008009134       0x54 CMakeFiles/RM_Board_A.elf.dir/USB_DEVICE/App/usb_device.c.obj
                0x0000000008009134                MX_USB_DEVICE_Init
 .text.CDC_DeInit_FS
                0x0000000008009188        0x4 CMakeFiles/RM_Board_A.elf.dir/USB_DEVICE/App/usbd_cdc_if.c.obj
 .text.CDC_Control_FS
                0x000000000800918c        0x4 CMakeFiles/RM_Board_A.elf.dir/USB_DEVICE/App/usbd_cdc_if.c.obj
 .text.CDC_TransmitCplt_FS
                0x0000000008009190        0x4 CMakeFiles/RM_Board_A.elf.dir/USB_DEVICE/App/usbd_cdc_if.c.obj
 .text.CDC_Init_FS
                0x0000000008009194       0x28 CMakeFiles/RM_Board_A.elf.dir/USB_DEVICE/App/usbd_cdc_if.c.obj
 .text.CDC_Transmit_FS
                0x00000000080091bc       0x2c CMakeFiles/RM_Board_A.elf.dir/USB_DEVICE/App/usbd_cdc_if.c.obj
                0x00000000080091bc                CDC_Transmit_FS
 .text.usb_printf
                0x00000000080091e8       0x30 CMakeFiles/RM_Board_A.elf.dir/USB_DEVICE/App/usbd_cdc_if.c.obj
                0x00000000080091e8                usb_printf
 .text.CDC_Receive_FS
                0x0000000008009218       0x38 CMakeFiles/RM_Board_A.elf.dir/USB_DEVICE/App/usbd_cdc_if.c.obj
 .text.USBD_FS_DeviceDescriptor
                0x0000000008009250        0xc CMakeFiles/RM_Board_A.elf.dir/USB_DEVICE/App/usbd_desc.c.obj
                0x0000000008009250                USBD_FS_DeviceDescriptor
 .text.USBD_FS_LangIDStrDescriptor
                0x000000000800925c        0xc CMakeFiles/RM_Board_A.elf.dir/USB_DEVICE/App/usbd_desc.c.obj
                0x000000000800925c                USBD_FS_LangIDStrDescriptor
 .text.IntToUnicode
                0x0000000008009268       0x46 CMakeFiles/RM_Board_A.elf.dir/USB_DEVICE/App/usbd_desc.c.obj
 *fill*         0x00000000080092ae        0x2 
 .text.Get_SerialNum
                0x00000000080092b0       0x38 CMakeFiles/RM_Board_A.elf.dir/USB_DEVICE/App/usbd_desc.c.obj
 .text.USBD_FS_SerialStrDescriptor
                0x00000000080092e8       0x14 CMakeFiles/RM_Board_A.elf.dir/USB_DEVICE/App/usbd_desc.c.obj
                0x00000000080092e8                USBD_FS_SerialStrDescriptor
 .text.USBD_FS_ProductStrDescriptor
                0x00000000080092fc       0x24 CMakeFiles/RM_Board_A.elf.dir/USB_DEVICE/App/usbd_desc.c.obj
                0x00000000080092fc                USBD_FS_ProductStrDescriptor
 .text.USBD_FS_ManufacturerStrDescriptor
                0x0000000008009320       0x1c CMakeFiles/RM_Board_A.elf.dir/USB_DEVICE/App/usbd_desc.c.obj
                0x0000000008009320                USBD_FS_ManufacturerStrDescriptor
 .text.USBD_FS_ConfigStrDescriptor
                0x000000000800933c       0x24 CMakeFiles/RM_Board_A.elf.dir/USB_DEVICE/App/usbd_desc.c.obj
                0x000000000800933c                USBD_FS_ConfigStrDescriptor
 .text.USBD_FS_InterfaceStrDescriptor
                0x0000000008009360       0x24 CMakeFiles/RM_Board_A.elf.dir/USB_DEVICE/App/usbd_desc.c.obj
                0x0000000008009360                USBD_FS_InterfaceStrDescriptor
 .text.HAL_PCD_MspInit
                0x0000000008009384       0x84 CMakeFiles/RM_Board_A.elf.dir/USB_DEVICE/Target/usbd_conf.c.obj
                0x0000000008009384                HAL_PCD_MspInit
 .text.HAL_PCD_SetupStageCallback
                0x0000000008009408       0x10 CMakeFiles/RM_Board_A.elf.dir/USB_DEVICE/Target/usbd_conf.c.obj
                0x0000000008009408                HAL_PCD_SetupStageCallback
 .text.HAL_PCD_DataOutStageCallback
                0x0000000008009418       0x18 CMakeFiles/RM_Board_A.elf.dir/USB_DEVICE/Target/usbd_conf.c.obj
                0x0000000008009418                HAL_PCD_DataOutStageCallback
 .text.HAL_PCD_DataInStageCallback
                0x0000000008009430       0x16 CMakeFiles/RM_Board_A.elf.dir/USB_DEVICE/Target/usbd_conf.c.obj
                0x0000000008009430                HAL_PCD_DataInStageCallback
 .text.HAL_PCD_SOFCallback
                0x0000000008009446        0xc CMakeFiles/RM_Board_A.elf.dir/USB_DEVICE/Target/usbd_conf.c.obj
                0x0000000008009446                HAL_PCD_SOFCallback
 .text.HAL_PCD_ResetCallback
                0x0000000008009452       0x2c CMakeFiles/RM_Board_A.elf.dir/USB_DEVICE/Target/usbd_conf.c.obj
                0x0000000008009452                HAL_PCD_ResetCallback
 *fill*         0x000000000800947e        0x2 
 .text.HAL_PCD_SuspendCallback
                0x0000000008009480       0x30 CMakeFiles/RM_Board_A.elf.dir/USB_DEVICE/Target/usbd_conf.c.obj
                0x0000000008009480                HAL_PCD_SuspendCallback
 .text.HAL_PCD_ResumeCallback
                0x00000000080094b0        0xc CMakeFiles/RM_Board_A.elf.dir/USB_DEVICE/Target/usbd_conf.c.obj
                0x00000000080094b0                HAL_PCD_ResumeCallback
 .text.HAL_PCD_ISOOUTIncompleteCallback
                0x00000000080094bc        0xc CMakeFiles/RM_Board_A.elf.dir/USB_DEVICE/Target/usbd_conf.c.obj
                0x00000000080094bc                HAL_PCD_ISOOUTIncompleteCallback
 .text.HAL_PCD_ISOINIncompleteCallback